Archive member included because of file (symbol)

d:/programs/simplicitystudio/developer/toolchains/gnu_arm/4.8_2013q4/bin/../lib/gcc/arm-none-eabi/4.8.3/armv7-m\libgcc.a(unwind-arm.o)
                              ./src/gpio.o (__aeabi_unwind_cpp_pr0)
d:/programs/simplicitystudio/developer/toolchains/gnu_arm/4.8_2013q4/bin/../lib/gcc/arm-none-eabi/4.8.3/armv7-m\libgcc.a(libunwind.o)
                              d:/programs/simplicitystudio/developer/toolchains/gnu_arm/4.8_2013q4/bin/../lib/gcc/arm-none-eabi/4.8.3/armv7-m\libgcc.a(unwind-arm.o) (restore_core_regs)
d:/programs/simplicitystudio/developer/toolchains/gnu_arm/4.8_2013q4/bin/../lib/gcc/arm-none-eabi/4.8.3/armv7-m\libgcc.a(pr-support.o)
                              d:/programs/simplicitystudio/developer/toolchains/gnu_arm/4.8_2013q4/bin/../lib/gcc/arm-none-eabi/4.8.3/armv7-m\libgcc.a(unwind-arm.o) (__gnu_unwind_execute)
d:/programs/simplicitystudio/developer/toolchains/gnu_arm/4.8_2013q4/bin/../lib/gcc/arm-none-eabi/4.8.3/../../../../arm-none-eabi/lib/armv7-m\libstdc++_s.a(eh_arm.o)
                              ./src/leTimer.o (__cxa_end_cleanup)
d:/programs/simplicitystudio/developer/toolchains/gnu_arm/4.8_2013q4/bin/../lib/gcc/arm-none-eabi/4.8.3/../../../../arm-none-eabi/lib/armv7-m\libstdc++_s.a(eh_globals.o)
                              d:/programs/simplicitystudio/developer/toolchains/gnu_arm/4.8_2013q4/bin/../lib/gcc/arm-none-eabi/4.8.3/../../../../arm-none-eabi/lib/armv7-m\libstdc++_s.a(eh_arm.o) (__cxa_get_globals)
d:/programs/simplicitystudio/developer/toolchains/gnu_arm/4.8_2013q4/bin/../lib/gcc/arm-none-eabi/4.8.3/../../../../arm-none-eabi/lib/armv7-m\libstdc++_s.a(eh_exception.o)
                              d:/programs/simplicitystudio/developer/toolchains/gnu_arm/4.8_2013q4/bin/../lib/gcc/arm-none-eabi/4.8.3/../../../../arm-none-eabi/lib/armv7-m\libstdc++_s.a(eh_arm.o) (typeinfo for __cxxabiv1::__forced_unwind)
d:/programs/simplicitystudio/developer/toolchains/gnu_arm/4.8_2013q4/bin/../lib/gcc/arm-none-eabi/4.8.3/../../../../arm-none-eabi/lib/armv7-m\libstdc++_s.a(del_op.o)
                              d:/programs/simplicitystudio/developer/toolchains/gnu_arm/4.8_2013q4/bin/../lib/gcc/arm-none-eabi/4.8.3/../../../../arm-none-eabi/lib/armv7-m\libstdc++_s.a(eh_exception.o) (operator delete(void*))
d:/programs/simplicitystudio/developer/toolchains/gnu_arm/4.8_2013q4/bin/../lib/gcc/arm-none-eabi/4.8.3/../../../../arm-none-eabi/lib/armv7-m\libstdc++_s.a(class_type_info.o)
                              d:/programs/simplicitystudio/developer/toolchains/gnu_arm/4.8_2013q4/bin/../lib/gcc/arm-none-eabi/4.8.3/../../../../arm-none-eabi/lib/armv7-m\libstdc++_s.a(eh_exception.o) (vtable for __cxxabiv1::__class_type_info)
d:/programs/simplicitystudio/developer/toolchains/gnu_arm/4.8_2013q4/bin/../lib/gcc/arm-none-eabi/4.8.3/../../../../arm-none-eabi/lib/armv7-m\libstdc++_s.a(eh_personality.o)
                              ./src/leTimer.o (__gxx_personality_v0)
d:/programs/simplicitystudio/developer/toolchains/gnu_arm/4.8_2013q4/bin/../lib/gcc/arm-none-eabi/4.8.3/../../../../arm-none-eabi/lib/armv7-m\libstdc++_s.a(eh_terminate.o)
                              d:/programs/simplicitystudio/developer/toolchains/gnu_arm/4.8_2013q4/bin/../lib/gcc/arm-none-eabi/4.8.3/../../../../arm-none-eabi/lib/armv7-m\libstdc++_s.a(eh_arm.o) (std::terminate())
d:/programs/simplicitystudio/developer/toolchains/gnu_arm/4.8_2013q4/bin/../lib/gcc/arm-none-eabi/4.8.3/../../../../arm-none-eabi/lib/armv7-m\libstdc++_s.a(tinfo.o)
                              d:/programs/simplicitystudio/developer/toolchains/gnu_arm/4.8_2013q4/bin/../lib/gcc/arm-none-eabi/4.8.3/../../../../arm-none-eabi/lib/armv7-m\libstdc++_s.a(class_type_info.o) (std::type_info::~type_info())
d:/programs/simplicitystudio/developer/toolchains/gnu_arm/4.8_2013q4/bin/../lib/gcc/arm-none-eabi/4.8.3/../../../../arm-none-eabi/lib/armv7-m\libstdc++_s.a(eh_unex_handler.o)
                              d:/programs/simplicitystudio/developer/toolchains/gnu_arm/4.8_2013q4/bin/../lib/gcc/arm-none-eabi/4.8.3/../../../../arm-none-eabi/lib/armv7-m\libstdc++_s.a(eh_terminate.o) (__cxxabiv1::__unexpected_handler)
d:/programs/simplicitystudio/developer/toolchains/gnu_arm/4.8_2013q4/bin/../lib/gcc/arm-none-eabi/4.8.3/../../../../arm-none-eabi/lib/armv7-m\libstdc++_s.a(si_class_type_info.o)
                              d:/programs/simplicitystudio/developer/toolchains/gnu_arm/4.8_2013q4/bin/../lib/gcc/arm-none-eabi/4.8.3/../../../../arm-none-eabi/lib/armv7-m\libstdc++_s.a(eh_exception.o) (vtable for __cxxabiv1::__si_class_type_info)
d:/programs/simplicitystudio/developer/toolchains/gnu_arm/4.8_2013q4/bin/../lib/gcc/arm-none-eabi/4.8.3/../../../../arm-none-eabi/lib/armv7-m\libstdc++_s.a(eh_call.o)
                              d:/programs/simplicitystudio/developer/toolchains/gnu_arm/4.8_2013q4/bin/../lib/gcc/arm-none-eabi/4.8.3/../../../../arm-none-eabi/lib/armv7-m\libstdc++_s.a(eh_personality.o) (__cxa_call_terminate)
[...]
Memory Configuration

Name             Origin             Length             Attributes
FLASH            0x00000000         0x00100000         xr
RAM              0x20000000         0x00020000         xrw
*default*        0x00000000         0xffffffff

Linker script and memory map

LOAD d:/programs/simplicitystudio/developer/toolchains/gnu_arm/4.8_2013q4/bin/../lib/gcc/arm-none-eabi/4.8.3/armv7-m/crti.o
LOAD d:/programs/simplicitystudio/developer/toolchains/gnu_arm/4.8_2013q4/bin/../lib/gcc/arm-none-eabi/4.8.3/armv7-m/crtbegin.o
LOAD d:/programs/simplicitystudio/developer/toolchains/gnu_arm/4.8_2013q4/bin/../lib/gcc/arm-none-eabi/4.8.3/../../../../arm-none-eabi/lib/armv7-m/crt0.o
LOAD ./src/gpio.o
LOAD ./src/interruptHandlers.o
LOAD ./src/leTimer.o
LOAD ./src/main.o
LOAD ./src/rtc.o
LOAD ./src/states.o
LOAD ./src/stepmotor.o
LOAD ./src/timer.o
LOAD ./emlib/em_cmu.o
LOAD ./emlib/em_emu.o
LOAD ./emlib/em_gpio.o
LOAD ./emlib/em_lcd.o
LOAD ./emlib/em_letimer.o
LOAD ./emlib/em_rtc.o
LOAD ./emlib/em_system.o
LOAD ./emlib/em_timer.o
LOAD ./Drivers/segmentlcd.o
LOAD ./CMSIS/efm32gg/startup_efm32gg.o
LOAD ./CMSIS/efm32gg/system_efm32gg.o
START GROUP
LOAD d:/programs/simplicitystudio/developer/toolchains/gnu_arm/4.8_2013q4/bin/../lib/gcc/arm-none-eabi/4.8.3/armv7-m\libgcc.a
LOAD d:/programs/simplicitystudio/developer/toolchains/gnu_arm/4.8_2013q4/bin/../lib/gcc/arm-none-eabi/4.8.3/../../../../arm-none-eabi/lib/armv7-m\libnosys.a
END GROUP
LOAD d:/programs/simplicitystudio/developer/toolchains/gnu_arm/4.8_2013q4/bin/../lib/gcc/arm-none-eabi/4.8.3/../../../../arm-none-eabi/lib/armv7-m\libstdc++_s.a
LOAD d:/programs/simplicitystudio/developer/toolchains/gnu_arm/4.8_2013q4/bin/../lib/gcc/arm-none-eabi/4.8.3/../../../../arm-none-eabi/lib/armv7-m\libm.a
LOAD d:/programs/simplicitystudio/developer/toolchains/gnu_arm/4.8_2013q4/bin/../lib/gcc/arm-none-eabi/4.8.3/../../../../arm-none-eabi/lib/armv7-m\libc_s.a
START GROUP
LOAD d:/programs/simplicitystudio/developer/toolchains/gnu_arm/4.8_2013q4/bin/../lib/gcc/arm-none-eabi/4.8.3/armv7-m\libgcc.a
LOAD d:/programs/simplicitystudio/developer/toolchains/gnu_arm/4.8_2013q4/bin/../lib/gcc/arm-none-eabi/4.8.3/../../../../arm-none-eabi/lib/armv7-m\libg_s.a
LOAD d:/programs/simplicitystudio/developer/toolchains/gnu_arm/4.8_2013q4/bin/../lib/gcc/arm-none-eabi/4.8.3/../../../../arm-none-eabi/lib/armv7-m\libc_s.a
END GROUP
START GROUP
LOAD d:/programs/simplicitystudio/developer/toolchains/gnu_arm/4.8_2013q4/bin/../lib/gcc/arm-none-eabi/4.8.3/armv7-m\libgcc.a
LOAD d:/programs/simplicitystudio/developer/toolchains/gnu_arm/4.8_2013q4/bin/../lib/gcc/arm-none-eabi/4.8.3/../../../../arm-none-eabi/lib/armv7-m\libc_s.a
LOAD d:/programs/simplicitystudio/developer/toolchains/gnu_arm/4.8_2013q4/bin/../lib/gcc/arm-none-eabi/4.8.3/../../../../arm-none-eabi/lib/armv7-m\libnosys.a
END GROUP
START GROUP
LOAD d:/programs/simplicitystudio/developer/toolchains/gnu_arm/4.8_2013q4/bin/../lib/gcc/arm-none-eabi/4.8.3/armv7-m\libgcc.a
LOAD d:/programs/simplicitystudio/developer/toolchains/gnu_arm/4.8_2013q4/bin/../lib/gcc/arm-none-eabi/4.8.3/../../../../arm-none-eabi/lib/armv7-m\libc_s.a
LOAD d:/programs/simplicitystudio/developer/toolchains/gnu_arm/4.8_2013q4/bin/../lib/gcc/arm-none-eabi/4.8.3/../../../../arm-none-eabi/lib/armv7-m\libnosys.a
END GROUP
LOAD d:/programs/simplicitystudio/developer/toolchains/gnu_arm/4.8_2013q4/bin/../lib/gcc/arm-none-eabi/4.8.3/armv7-m/crtend.o
LOAD d:/programs/simplicitystudio/developer/toolchains/gnu_arm/4.8_2013q4/bin/../lib/gcc/arm-none-eabi/4.8.3/armv7-m/crtn.o

.text           0x00000000     0xc6f0
 *(.vectors)
 .vectors       0x00000000       0xdc ./CMSIS/efm32gg/startup_efm32gg.o
                0x00000000                __Vectors
                0x000000dc                __Vectors_End = .
                0x000000dc                __Vectors_Size = (__Vectors_End - __Vectors)
                0x000000dc                __end__ = .
 *(.text*)
 .text          0x000000dc       0x54 d:/programs/simplicitystudio/developer/toolchains/gnu_arm/4.8_2013q4/bin/../lib/gcc/arm-none-eabi/4.8.3/armv7-m/crtbegin.o
 .text          0x00000130       0x74 d:/programs/simplicitystudio/developer/toolchains/gnu_arm/4.8_2013q4/bin/../lib/gcc/arm-none-eabi/4.8.3/../../../../arm-none-eabi/lib/armv7-m/crt0.o
                0x00000130                _start
                0x00000130                _mainCRTStartup
 .text.NVIC_EnableIRQ
                0x000001a4       0x30 ./src/gpio.o
 .text.NVIC_ClearPendingIRQ
                0x000001d4       0x34 ./src/gpio.o
 .text.GPIO_PinOutClear
                0x00000208       0x38 ./src/gpio.o
 .text._Z9gpioSetupv
                0x00000240       0x88 ./src/gpio.o
                0x00000240                gpioSetup()
 .text._Z13pillTriggerOnv
                0x000002c8       0x1c ./src/gpio.o
                0x000002c8                pillTriggerOn()
 .text._Z14pillTriggerOffv
                0x000002e4       0x1c ./src/gpio.o
                0x000002e4                pillTriggerOff()
 .text._Z12menuButtonOnv
                0x00000300       0x1c ./src/gpio.o
                0x00000300                menuButtonOn()
 .text._Z13menuButtonOffv
                0x0000031c       0x1c ./src/gpio.o
                0x0000031c                menuButtonOff()
 .text.RTC_IntClear
                0x00000338       0x1c ./src/interruptHandlers.o
 .text.LETIMER_IntClear
                0x00000354       0x1c ./src/interruptHandlers.o
 .text.GPIO_IntClear
                0x00000370       0x20 ./src/interruptHandlers.o
 .text.GPIO_IntGet
                0x00000390       0x18 ./src/interruptHandlers.o
 .text.GPIO_PinOutClear
                0x000003a8       0x38 ./src/interruptHandlers.o
 .text.GPIO_PinOutToggle
                0x000003e0       0x38 ./src/interruptHandlers.o
 .text.TIMER_IntClear
                0x00000418       0x1c ./src/interruptHandlers.o
 .text.RTC_IRQHandler
                0x00000434       0x24 ./src/interruptHandlers.o
                0x00000434                RTC_IRQHandler
 .text.LETIMER0_IRQHandler
                0x00000458       0xc0 ./src/interruptHandlers.o
                0x00000458                LETIMER0_IRQHandler
 .text.GPIO_EVEN_IRQHandler
                0x00000518       0xbc ./src/interruptHandlers.o
                0x00000518                GPIO_EVEN_IRQHandler
 .text.GPIO_ODD_IRQHandler
                0x000005d4       0x68 ./src/interruptHandlers.o
                0x000005d4                GPIO_ODD_IRQHandler
 .text.TIMER0_IRQHandler
                0x0000063c       0x1c ./src/interruptHandlers.o
                0x0000063c                TIMER0_IRQHandler
 .text.NVIC_EnableIRQ
                0x00000658       0x30 ./src/leTimer.o
 .text.LETIMER_IntDisable
                0x00000688       0x24 ./src/leTimer.o
 .text.LETIMER_IntEnable
                0x000006ac       0x20 ./src/leTimer.o
 .text._Z12leTimerSetupv
                0x000006cc       0x78 ./src/leTimer.o
                0x000006cc                leTimerSetup()
 .text._Z14leTimerTurnOffv
                0x00000744       0x14 ./src/leTimer.o
                0x00000744                leTimerTurnOff()
 .text._Z13leTimerTurnOni
                0x00000758       0x2c ./src/leTimer.o
                0x00000758                leTimerTurnOn(int)
 .text.CHIP_Init
                0x00000784       0x48 ./src/main.o
 .text.main     0x000007cc       0x2c ./src/main.o
                0x000007cc                main
 .text.NVIC_EnableIRQ
                0x000007f8       0x30 ./src/rtc.o
 .text.RTC_IntEnable
                0x00000828       0x24 ./src/rtc.o
 .text._Z8rtcSetupv
                0x0000084c       0x84 ./src/rtc.o
                0x0000084c                rtcSetup()
 .text._Z11rtcSetDelayi
                0x000008d0       0x60 ./src/rtc.o
                0x000008d0                rtcSetDelay(int)
 .text._Z10rtcDisablev
                0x00000930        0xc ./src/rtc.o
                0x00000930                rtcDisable()
 .text._Z17changeStateToStepv
                0x0000093c       0x18 ./src/states.o
                0x0000093c                changeStateToStep()
 .text._Z19changeStateToNotifyv
                0x00000954       0x20 ./src/states.o
                0x00000954                changeStateToNotify()
 .text._Z17changeStateToWaitv
                0x00000974       0x1c ./src/states.o
                0x00000974                changeStateToWait()
 .text._Z17changeStateToMenuv
                0x00000990       0x20 ./src/states.o
                0x00000990                changeStateToMenu()
 .text._Z17getDispenserStatev
                0x000009b0       0x18 ./src/states.o
                0x000009b0                getDispenserState()
 .text.GPIO_PinOutClear
                0x000009c8       0x38 ./src/stepmotor.o
 .text.GPIO_PinOutSet
                0x00000a00       0x38 ./src/stepmotor.o
 .text._Z15motor_gpioSetupv
                0x00000a38       0x58 ./src/stepmotor.o
                0x00000a38                motor_gpioSetup()
 .text._Z15motor_microstepv
                0x00000a90      0x110 ./src/stepmotor.o
                0x00000a90                motor_microstep()
 .text.NVIC_EnableIRQ
                0x00000ba0       0x30 ./src/timer.o
 .text.TIMER_IntDisable
                0x00000bd0       0x24 ./src/timer.o
 .text.TIMER_IntEnable
                0x00000bf4       0x20 ./src/timer.o
 .text.TIMER_TopSet
                0x00000c14       0x1c ./src/timer.o
 .text._Z10timerSetupv
                0x00000c30       0x68 ./src/timer.o
                0x00000c30                timerSetup()
 .text._Z11timerTurnOnv
                0x00000c98       0x14 ./src/timer.o
                0x00000c98                timerTurnOn()
 .text._Z12timerTurnOffv
                0x00000cac       0x14 ./src/timer.o
                0x00000cac                timerTurnOff()
 .text.BUS_RegBitWrite
                0x00000cc0       0x2c ./emlib/em_cmu.o
 .text.BUS_RegBitRead
                0x00000cec       0x2c ./emlib/em_cmu.o
 .text.CMU_DivToLog2
                0x00000d18       0x3c ./emlib/em_cmu.o
 .text.SYSTEM_GetFamily
                0x00000d54       0x20 ./emlib/em_cmu.o
 .text.auxClkGet
                0x00000d74       0x8c ./emlib/em_cmu.o
 .text.dbgClkGet
                0x00000e00       0x58 ./emlib/em_cmu.o
 .text.flashWaitStateControl
                0x00000e58       0xb8 ./emlib/em_cmu.o
 .text.flashWaitStateMax
                0x00000f10       0x14 ./emlib/em_cmu.o
 .text.lfClkGet
                0x00000f24      0x104 ./emlib/em_cmu.o
 .text.maxFreqHfle
                0x00001028       0x74 ./emlib/em_cmu.o
 .text.syncReg  0x0000109c       0x34 ./emlib/em_cmu.o
 .text.usbCClkGet
                0x000010d0       0x4c ./emlib/em_cmu.o
 .text.CMU_ClockDivSet
                0x0000111c      0x250 ./emlib/em_cmu.o
                0x0000111c                CMU_ClockDivSet
 .text.CMU_ClockEnable
                0x0000136c       0xf0 ./emlib/em_cmu.o
                0x0000136c                CMU_ClockEnable
 .text.CMU_ClockFreqGet
                0x0000145c      0x200 ./emlib/em_cmu.o
                0x0000145c                CMU_ClockFreqGet
 .text.CMU_ClockSelectGet
                0x0000165c      0x160 ./emlib/em_cmu.o
                0x0000165c                CMU_ClockSelectGet
 .text.CMU_ClockSelectSet
                0x000017bc      0x2a4 ./emlib/em_cmu.o
                0x000017bc                CMU_ClockSelectSet
 .text.CMU_LCDClkFDIVSet
                0x00001a60       0x3c ./emlib/em_cmu.o
                0x00001a60                CMU_LCDClkFDIVSet
 .text.CMU_OscillatorEnable
                0x00001a9c       0xc4 ./emlib/em_cmu.o
                0x00001a9c                CMU_OscillatorEnable
 .text.SystemCoreClockUpdate
                0x00001b60        0xc ./emlib/em_emu.o
 .text.CMU_Lock
                0x00001b6c       0x18 ./emlib/em_emu.o
 .text.CMU_Unlock
                0x00001b84       0x1c ./emlib/em_emu.o
 .text.emuRestore
                0x00001ba0       0xf0 ./emlib/em_emu.o
 .text.getErrataFixEmuE107En
                0x00001c90       0x68 ./emlib/em_emu.o
 .text.EMU_EnterEM2
                0x00001cf8       0x9c ./emlib/em_emu.o
                0x00001cf8                EMU_EnterEM2
 .text.EMU_UpdateOscConfig
                0x00001d94       0x1c ./emlib/em_emu.o
                0x00001d94                EMU_UpdateOscConfig
 .text.BUS_RegBitWrite
                0x00001db0       0x2c ./emlib/em_gpio.o
 .text.BUS_RegMaskedWrite
                0x00001ddc       0x28 ./emlib/em_gpio.o
 .text.GPIO_PinOutClear
                0x00001e04       0x58 ./emlib/em_gpio.o
 .text.GPIO_PinOutSet
                0x00001e5c       0x58 ./emlib/em_gpio.o
 .text.GPIO_IntConfig
                0x00001eb4       0xd0 ./emlib/em_gpio.o
                0x00001eb4                GPIO_IntConfig
 .text.GPIO_PinModeSet
                0x00001f84       0xf4 ./emlib/em_gpio.o
                0x00001f84                GPIO_PinModeSet
 .text.LCD_Enable
                0x00002078       0x38 ./emlib/em_lcd.o
 .text.BUS_RegBitWrite
                0x000020b0       0x2c ./emlib/em_lcd.o
 .text.LCD_Init
                0x000020dc       0x70 ./emlib/em_lcd.o
                0x000020dc                LCD_Init
 .text.LCD_VLCDSelect
                0x0000214c       0x44 ./emlib/em_lcd.o
                0x0000214c                LCD_VLCDSelect
 .text.LCD_SegmentRangeEnable
                0x00002190       0x40 ./emlib/em_lcd.o
                0x00002190                LCD_SegmentRangeEnable
 .text.LCD_SegmentSet
                0x000021d0      0x1e4 ./emlib/em_lcd.o
                0x000021d0                LCD_SegmentSet
 .text.LCD_SegmentSetLow
                0x000023b4      0x17c ./emlib/em_lcd.o
                0x000023b4                LCD_SegmentSetLow
 .text.LCD_SegmentSetHigh
                0x00002530      0x17c ./emlib/em_lcd.o
                0x00002530                LCD_SegmentSetHigh
 .text.LCD_VBoostSet
                0x000026ac       0x28 ./emlib/em_lcd.o
                0x000026ac                LCD_VBoostSet
 .text.LETIMER_CompareSet
                0x000026d4       0x58 ./emlib/em_letimer.o
                0x000026d4                LETIMER_CompareSet
 .text.LETIMER_Enable
                0x0000272c       0x2c ./emlib/em_letimer.o
                0x0000272c                LETIMER_Enable
 .text.LETIMER_Init
                0x00002758       0xec ./emlib/em_letimer.o
                0x00002758                LETIMER_Init
 .text.BUS_RegBitWrite
                0x00002844       0x2c ./emlib/em_rtc.o
 .text.RTC_CompareSet
                0x00002870       0x4c ./emlib/em_rtc.o
                0x00002870                RTC_CompareSet
 .text.RTC_Enable
                0x000028bc       0x20 ./emlib/em_rtc.o
                0x000028bc                RTC_Enable
 .text.RTC_Init
                0x000028dc       0x50 ./emlib/em_rtc.o
                0x000028dc                RTC_Init
 .text.SYSTEM_ChipRevisionGet
                0x0000292c       0x74 ./emlib/em_system.o
                0x0000292c                SYSTEM_ChipRevisionGet
 .text.TIMER_Init
                0x000029a0      0x10c ./emlib/em_timer.o
                0x000029a0                TIMER_Init
 .text.LCD_FreezeEnable
                0x00002aac       0x2c ./Drivers/segmentlcd.o
 .text.LCD_SyncBusyDelay
                0x00002ad8       0x24 ./Drivers/segmentlcd.o
 .text.LCD_IntDisable
                0x00002afc       0x24 ./Drivers/segmentlcd.o
 .text.SegmentLCD_AllOff
                0x00002b20       0xac ./Drivers/segmentlcd.o
                0x00002b20                SegmentLCD_AllOff
 .text.SegmentLCD_AlphaNumberOff
                0x00002bcc       0xa8 ./Drivers/segmentlcd.o
                0x00002bcc                SegmentLCD_AlphaNumberOff
 .text.SegmentLCD_Init
                0x00002c74       0xb8 ./Drivers/segmentlcd.o
                0x00002c74                SegmentLCD_Init
 .text.SegmentLCD_Write
                0x00002d2c       0xd8 ./Drivers/segmentlcd.o
                0x00002d2c                SegmentLCD_Write
 .text          0x00002e04       0x30 ./CMSIS/efm32gg/startup_efm32gg.o
                0x00002e04                Reset_Handler
                0x00002e30                DebugMon_Handler
                0x00002e30                USART0_TX_IRQHandler
                0x00002e30                I2C0_IRQHandler
                0x00002e30                HardFault_Handler
                0x00002e30                LEUART1_IRQHandler
                0x00002e30                SysTick_Handler
                0x00002e30                USART1_RX_IRQHandler
                0x00002e30                PendSV_Handler
                0x00002e30                NMI_Handler
                0x00002e30                I2C1_IRQHandler
                0x00002e30                TIMER3_IRQHandler
                0x00002e30                USART1_TX_IRQHandler
                0x00002e30                MSC_IRQHandler
                0x00002e30                ADC0_IRQHandler
                0x00002e30                UsageFault_Handler
                0x00002e30                LEUART0_IRQHandler
                0x00002e30                UART0_TX_IRQHandler
                0x00002e30                UART1_TX_IRQHandler
                0x00002e30                TIMER2_IRQHandler
                0x00002e30                LCD_IRQHandler
                0x00002e30                PCNT2_IRQHandler
                0x00002e30                UART0_RX_IRQHandler
                0x00002e30                TIMER1_IRQHandler
                0x00002e30                USART2_RX_IRQHandler
                0x00002e30                Default_Handler
                0x00002e30                EMU_IRQHandler
                0x00002e30                PCNT0_IRQHandler
                0x00002e30                USB_IRQHandler
                0x00002e30                BURTC_IRQHandler
                0x00002e30                PCNT1_IRQHandler
                0x00002e30                ACMP0_IRQHandler
                0x00002e30                USART0_RX_IRQHandler
                0x00002e30                MemManage_Handler
                0x00002e30                SVC_Handler
                0x00002e30                DAC0_IRQHandler
                0x00002e30                UART1_RX_IRQHandler
                0x00002e30                CMU_IRQHandler
                0x00002e30                EBI_IRQHandler
                0x00002e30                LESENSE_IRQHandler
                0x00002e30                AES_IRQHandler
                0x00002e30                VCMP_IRQHandler
                0x00002e30                DMA_IRQHandler
                0x00002e30                BusFault_Handler
                0x00002e30                USART2_TX_IRQHandler
 .text.GetProdRev
                0x00002e34       0x1c ./CMSIS/efm32gg/system_efm32gg.o
 .text.SystemCoreClockGet
                0x00002e50       0x48 ./CMSIS/efm32gg/system_efm32gg.o
                0x00002e50                SystemCoreClockGet
 .text.SystemMaxCoreClockGet
                0x00002e98       0x14 ./CMSIS/efm32gg/system_efm32gg.o
                0x00002e98                SystemMaxCoreClockGet
 .text.SystemHFClockGet
                0x00002eac       0xf0 ./CMSIS/efm32gg/system_efm32gg.o
                0x00002eac                SystemHFClockGet
 .text.SystemHFXOClockGet
                0x00002f9c       0x18 ./CMSIS/efm32gg/system_efm32gg.o
                0x00002f9c                SystemHFXOClockGet
 .text.SystemInit
                0x00002fb4        0xc ./CMSIS/efm32gg/system_efm32gg.o
                0x00002fb4                SystemInit
 .text.SystemLFRCOClockGet
                0x00002fc0       0x14 ./CMSIS/efm32gg/system_efm32gg.o
                0x00002fc0                SystemLFRCOClockGet
 .text.SystemULFRCOClockGet
                0x00002fd4       0x14 ./CMSIS/efm32gg/system_efm32gg.o
                0x00002fd4                SystemULFRCOClockGet
 .text.SystemLFXOClockGet
                0x00002fe8       0x18 ./CMSIS/efm32gg/system_efm32gg.o
                0x00002fe8                SystemLFXOClockGet
 .text          0x00003000      0xa28 d:/programs/simplicitystudio/developer/toolchains/gnu_arm/4.8_2013q4/bin/../lib/gcc/arm-none-eabi/4.8.3/armv7-m\libgcc.a(unwind-arm.o)
                0x000032e4                _Unwind_GetCFA
                0x000032e8                __gnu_Unwind_RaiseException
                0x00003348                __gnu_Unwind_ForcedUnwind
                0x0000335c                __gnu_Unwind_Resume
                0x000033a0                __gnu_Unwind_Resume_or_Rethrow
                0x000033bc                _Unwind_Complete
                0x000033c0                _Unwind_DeleteException
                0x000033d0                _Unwind_VRS_Get
                0x00003420                _Unwind_VRS_Set
                0x00003470                __gnu_Unwind_Backtrace
                0x000037c4                __aeabi_unwind_cpp_pr0
                0x000037cc                __aeabi_unwind_cpp_pr1
                0x000037d4                __aeabi_unwind_cpp_pr2
                0x000037dc                _Unwind_VRS_Pop
 .text          0x00003a28      0x1ac d:/programs/simplicitystudio/developer/toolchains/gnu_arm/4.8_2013q4/bin/../lib/gcc/arm-none-eabi/4.8.3/armv7-m\libgcc.a(libunwind.o)
                0x00003a28                __restore_core_regs
                0x00003a28                restore_core_regs
                0x00003a40                __gnu_Unwind_Restore_VFP
                0x00003a48                __gnu_Unwind_Save_VFP
                0x00003a50                __gnu_Unwind_Restore_VFP_D
                0x00003a58                __gnu_Unwind_Save_VFP_D
                0x00003a60                __gnu_Unwind_Restore_VFP_D_16_to_31
                0x00003a68                __gnu_Unwind_Save_VFP_D_16_to_31
                0x00003a70                __gnu_Unwind_Restore_WMMXD
                0x00003ab4                __gnu_Unwind_Save_WMMXD
                0x00003af8                __gnu_Unwind_Restore_WMMXC
                0x00003b0c                __gnu_Unwind_Save_WMMXC
                0x00003b20                ___Unwind_RaiseException
                0x00003b20                _Unwind_RaiseException
                0x00003b44                _Unwind_Resume
                0x00003b44                ___Unwind_Resume
                0x00003b68                _Unwind_Resume_or_Rethrow
                0x00003b68                ___Unwind_Resume_or_Rethrow
                0x00003b8c                _Unwind_ForcedUnwind
                0x00003b8c                ___Unwind_ForcedUnwind
                0x00003bb0                ___Unwind_Backtrace
                0x00003bb0                _Unwind_Backtrace
 .text          0x00003bd4      0x33c d:/programs/simplicitystudio/developer/toolchains/gnu_arm/4.8_2013q4/bin/../lib/gcc/arm-none-eabi/4.8.3/armv7-m\libgcc.a(pr-support.o)
                0x00003c28                __gnu_unwind_execute
                0x00003eb8                __gnu_unwind_frame
                0x00003ee0                _Unwind_GetRegionStart
                0x00003eec                _Unwind_GetLanguageSpecificData
                0x00003f00                _Unwind_GetDataRelBase
                0x00003f08                _Unwind_GetTextRelBase
 .text.__cxa_end_cleanup
                0x00003f10        0xc d:/programs/simplicitystudio/developer/toolchains/gnu_arm/4.8_2013q4/bin/../lib/gcc/arm-none-eabi/4.8.3/../../../../arm-none-eabi/lib/armv7-m\libstdc++_s.a(eh_arm.o)
                0x00003f10                __cxa_end_cleanup
 .text._ZN10__cxxabiv1L24__is_gxx_exception_classEPc
                0x00003f1c       0x3a d:/programs/simplicitystudio/developer/toolchains/gnu_arm/4.8_2013q4/bin/../lib/gcc/arm-none-eabi/4.8.3/../../../../arm-none-eabi/lib/armv7-m\libstdc++_s.a(eh_arm.o)
 *fill*         0x00003f56        0x2 
 .text.__cxa_type_match
                0x00003f58       0xbc d:/programs/simplicitystudio/developer/toolchains/gnu_arm/4.8_2013q4/bin/../lib/gcc/arm-none-eabi/4.8.3/../../../../arm-none-eabi/lib/armv7-m\libstdc++_s.a(eh_arm.o)
                0x00003f58                __cxa_type_match
 .text.__cxa_begin_cleanup
                0x00004014       0x3a d:/programs/simplicitystudio/developer/toolchains/gnu_arm/4.8_2013q4/bin/../lib/gcc/arm-none-eabi/4.8.3/../../../../arm-none-eabi/lib/armv7-m\libstdc++_s.a(eh_arm.o)
                0x00004014                __cxa_begin_cleanup
 .text.__gnu_end_cleanup
                0x0000404e       0x32 d:/programs/simplicitystudio/developer/toolchains/gnu_arm/4.8_2013q4/bin/../lib/gcc/arm-none-eabi/4.8.3/../../../../arm-none-eabi/lib/armv7-m\libstdc++_s.a(eh_arm.o)
                0x0000404e                __gnu_end_cleanup
 .text.__cxa_get_globals
                0x00004080        0x8 d:/programs/simplicitystudio/developer/toolchains/gnu_arm/4.8_2013q4/bin/../lib/gcc/arm-none-eabi/4.8.3/../../../../arm-none-eabi/lib/armv7-m\libstdc++_s.a(eh_globals.o)
                0x00004080                __cxa_get_globals
 .text._ZdlPv   0x00004088        0x8 d:/programs/simplicitystudio/developer/toolchains/gnu_arm/4.8_2013q4/bin/../lib/gcc/arm-none-eabi/4.8.3/../../../../arm-none-eabi/lib/armv7-m\libstdc++_s.a(del_op.o)
                0x00004088                operator delete(void*)
 .text._ZNK10__cxxabiv117__class_type_info11__do_upcastEPKS0_PPv
                0x00004090       0x34 d:/programs/simplicitystudio/developer/toolchains/gnu_arm/4.8_2013q4/bin/../lib/gcc/arm-none-eabi/4.8.3/../../../../arm-none-eabi/lib/armv7-m\libstdc++_s.a(class_type_info.o)
                0x00004090                __cxxabiv1::__class_type_info::__do_upcast(__cxxabiv1::__class_type_info const*, void**) const
 .text._ZNK10__cxxabiv117__class_type_info20__do_find_public_srcEiPKvPKS0_S2_
                0x000040c4        0xc d:/programs/simplicitystudio/developer/toolchains/gnu_arm/4.8_2013q4/bin/../lib/gcc/arm-none-eabi/4.8.3/../../../../arm-none-eabi/lib/armv7-m\libstdc++_s.a(class_type_info.o)
                0x000040c4                __cxxabiv1::__class_type_info::__do_find_public_src(int, void const*, __cxxabiv1::__class_type_info const*, void const*) const
 .text._ZN10__cxxabiv117__class_type_infoD2Ev
                0x000040d0       0x14 d:/programs/simplicitystudio/developer/toolchains/gnu_arm/4.8_2013q4/bin/../lib/gcc/arm-none-eabi/4.8.3/../../../../arm-none-eabi/lib/armv7-m\libstdc++_s.a(class_type_info.o)
                0x000040d0                __cxxabiv1::__class_type_info::~__class_type_info()
                0x000040d0                __cxxabiv1::__class_type_info::~__class_type_info()
 .text._ZN10__cxxabiv117__class_type_infoD0Ev
                0x000040e4       0x12 d:/programs/simplicitystudio/developer/toolchains/gnu_arm/4.8_2013q4/bin/../lib/gcc/arm-none-eabi/4.8.3/../../../../arm-none-eabi/lib/armv7-m\libstdc++_s.a(class_type_info.o)
                0x000040e4                __cxxabiv1::__class_type_info::~__class_type_info()
 .text._ZNK10__cxxabiv117__class_type_info11__do_upcastEPKS0_PKvRNS0_15__upcast_resultE
                0x000040f6       0x1a d:/programs/simplicitystudio/developer/toolchains/gnu_arm/4.8_2013q4/bin/../lib/gcc/arm-none-eabi/4.8.3/../../../../arm-none-eabi/lib/armv7-m\libstdc++_s.a(class_type_info.o)
                0x000040f6                __cxxabiv1::__class_type_info::__do_upcast(__cxxabiv1::__class_type_info const*, void const*, __cxxabiv1::__class_type_info::__upcast_result&) const
 .text._ZNK10__cxxabiv117__class_type_info10__do_catchEPKSt9type_infoPPvj
                0x00004110       0x26 d:/programs/simplicitystudio/developer/toolchains/gnu_arm/4.8_2013q4/bin/../lib/gcc/arm-none-eabi/4.8.3/../../../../arm-none-eabi/lib/armv7-m\libstdc++_s.a(class_type_info.o)
                0x00004110                __cxxabiv1::__class_type_info::__do_catch(std::type_info const*, void**, unsigned int) const
 .text._ZNK10__cxxabiv117__class_type_info12__do_dyncastEiNS0_10__sub_kindEPKS0_PKvS3_S5_RNS0_16__dyncast_resultE
                0x00004136       0x38 d:/programs/simplicitystudio/developer/toolchains/gnu_arm/4.8_2013q4/bin/../lib/gcc/arm-none-eabi/4.8.3/../../../../arm-none-eabi/lib/armv7-m\libstdc++_s.a(class_type_info.o)
                0x00004136                __cxxabiv1::__class_type_info::__do_dyncast(int, __cxxabiv1::__class_type_info::__sub_kind, __cxxabiv1::__class_type_info const*, void const*, __cxxabiv1::__class_type_info const*, void const*, __cxxabiv1::__class_type_info::__dyncast_result&) const
 .text._ZL12read_uleb128PKhPm
                0x0000416e       0x20 d:/programs/simplicitystudio/developer/toolchains/gnu_arm/4.8_2013q4/bin/../lib/gcc/arm-none-eabi/4.8.3/../../../../arm-none-eabi/lib/armv7-m\libstdc++_s.a(eh_personality.o)
 .text._ZL12read_sleb128PKhPl
                0x0000418e       0x30 d:/programs/simplicitystudio/developer/toolchains/gnu_arm/4.8_2013q4/bin/../lib/gcc/arm-none-eabi/4.8.3/../../../../arm-none-eabi/lib/armv7-m\libstdc++_s.a(eh_personality.o)
 .text._ZL28read_encoded_value_with_basehjPKhPj
                0x000041be       0x8e d:/programs/simplicitystudio/developer/toolchains/gnu_arm/4.8_2013q4/bin/../lib/gcc/arm-none-eabi/4.8.3/../../../../arm-none-eabi/lib/armv7-m\libstdc++_s.a(eh_personality.o)
 .text._ZL21base_of_encoded_valuehP15_Unwind_Context
                0x0000424c       0x48 d:/programs/simplicitystudio/developer/toolchains/gnu_arm/4.8_2013q4/bin/../lib/gcc/arm-none-eabi/4.8.3/../../../../arm-none-eabi/lib/armv7-m\libstdc++_s.a(eh_personality.o)
 .text._ZL18read_encoded_valueP15_Unwind_ContexthPKhPj
                0x00004294       0x24 d:/programs/simplicitystudio/developer/toolchains/gnu_arm/4.8_2013q4/bin/../lib/gcc/arm-none-eabi/4.8.3/../../../../arm-none-eabi/lib/armv7-m\libstdc++_s.a(eh_personality.o)
 .text._ZL17parse_lsda_headerP15_Unwind_ContextPKhP16lsda_header_info
                0x000042b8       0x5c d:/programs/simplicitystudio/developer/toolchains/gnu_arm/4.8_2013q4/bin/../lib/gcc/arm-none-eabi/4.8.3/../../../../arm-none-eabi/lib/armv7-m\libstdc++_s.a(eh_personality.o)
 .text._Unwind_GetGR
                0x00004314       0x18 d:/programs/simplicitystudio/developer/toolchains/gnu_arm/4.8_2013q4/bin/../lib/gcc/arm-none-eabi/4.8.3/../../../../arm-none-eabi/lib/armv7-m\libstdc++_s.a(eh_personality.o)
 .text.__gxx_personality_v0
                0x0000432c      0x344 d:/programs/simplicitystudio/developer/toolchains/gnu_arm/4.8_2013q4/bin/../lib/gcc/arm-none-eabi/4.8.3/../../../../arm-none-eabi/lib/armv7-m\libstdc++_s.a(eh_personality.o)
                0x0000432c                __gxx_personality_v0
 .text._ZN10__cxxabiv111__terminateEPFvvE
                0x00004670        0x8 d:/programs/simplicitystudio/developer/toolchains/gnu_arm/4.8_2013q4/bin/../lib/gcc/arm-none-eabi/4.8.3/../../../../arm-none-eabi/lib/armv7-m\libstdc++_s.a(eh_terminate.o)
                0x00004670                __cxxabiv1::__terminate(void (*)())
 .text._ZSt9terminatev
                0x00004678       0x10 d:/programs/simplicitystudio/developer/toolchains/gnu_arm/4.8_2013q4/bin/../lib/gcc/arm-none-eabi/4.8.3/../../../../arm-none-eabi/lib/armv7-m\libstdc++_s.a(eh_terminate.o)
                0x00004678                std::terminate()
 .text._ZN10__cxxabiv112__unexpectedEPFvvE
                0x00004688        0x8 d:/programs/simplicitystudio/developer/toolchains/gnu_arm/4.8_2013q4/bin/../lib/gcc/arm-none-eabi/4.8.3/../../../../arm-none-eabi/lib/armv7-m\libstdc++_s.a(eh_terminate.o)
                0x00004688                __cxxabiv1::__unexpected(void (*)())
 .text._ZSt10unexpectedv
                0x00004690       0x10 d:/programs/simplicitystudio/developer/toolchains/gnu_arm/4.8_2013q4/bin/../lib/gcc/arm-none-eabi/4.8.3/../../../../arm-none-eabi/lib/armv7-m\libstdc++_s.a(eh_terminate.o)
                0x00004690                std::unexpected()
 .text._ZNSt9type_infoD2Ev
                0x000046a0        0xc d:/programs/simplicitystudio/developer/toolchains/gnu_arm/4.8_2013q4/bin/../lib/gcc/arm-none-eabi/4.8.3/../../../../arm-none-eabi/lib/armv7-m\libstdc++_s.a(tinfo.o)
                0x000046a0                std::type_info::~type_info()
                0x000046a0                std::type_info::~type_info()
 .text._ZNKSt9type_info14__is_pointer_pEv
                0x000046ac        0x4 d:/programs/simplicitystudio/developer/toolchains/gnu_arm/4.8_2013q4/bin/../lib/gcc/arm-none-eabi/4.8.3/../../../../arm-none-eabi/lib/armv7-m\libstdc++_s.a(tinfo.o)
                0x000046ac                std::type_info::__is_pointer_p() const
 .text._ZNKSt9type_info15__is_function_pEv
                0x000046b0        0x4 d:/programs/simplicitystudio/developer/toolchains/gnu_arm/4.8_2013q4/bin/../lib/gcc/arm-none-eabi/4.8.3/../../../../arm-none-eabi/lib/armv7-m\libstdc++_s.a(tinfo.o)
                0x000046b0                std::type_info::__is_function_p() const
 .text._ZNKSt9type_info11__do_upcastEPKN10__cxxabiv117__class_type_infoEPPv
                0x000046b4        0x4 d:/programs/simplicitystudio/developer/toolchains/gnu_arm/4.8_2013q4/bin/../lib/gcc/arm-none-eabi/4.8.3/../../../../arm-none-eabi/lib/armv7-m\libstdc++_s.a(tinfo.o)
                0x000046b4                std::type_info::__do_upcast(__cxxabiv1::__class_type_info const*, void**) const
 .text._ZNSt9type_infoD0Ev
                0x000046b8       0x14 d:/programs/simplicitystudio/developer/toolchains/gnu_arm/4.8_2013q4/bin/../lib/gcc/arm-none-eabi/4.8.3/../../../../arm-none-eabi/lib/armv7-m\libstdc++_s.a(tinfo.o)
                0x000046b8                std::type_info::~type_info()
 .text._ZNKSt9type_infoeqERKS_
                0x000046cc       0x28 d:/programs/simplicitystudio/developer/toolchains/gnu_arm/4.8_2013q4/bin/../lib/gcc/arm-none-eabi/4.8.3/../../../../arm-none-eabi/lib/armv7-m\libstdc++_s.a(tinfo.o)
                0x000046cc                std::type_info::operator==(std::type_info const&) const
 .text._ZNKSt9type_info10__do_catchEPKS_PPvj
                0x000046f4        0x4 d:/programs/simplicitystudio/developer/toolchains/gnu_arm/4.8_2013q4/bin/../lib/gcc/arm-none-eabi/4.8.3/../../../../arm-none-eabi/lib/armv7-m\libstdc++_s.a(tinfo.o)
                0x000046f4                std::type_info::__do_catch(std::type_info const*, void**, unsigned int) const
 .text._ZN10__cxxabiv120__si_class_type_infoD2Ev
                0x000046f8       0x14 d:/programs/simplicitystudio/developer/toolchains/gnu_arm/4.8_2013q4/bin/../lib/gcc/arm-none-eabi/4.8.3/../../../../arm-none-eabi/lib/armv7-m\libstdc++_s.a(si_class_type_info.o)
                0x000046f8                __cxxabiv1::__si_class_type_info::~__si_class_type_info()
                0x000046f8                __cxxabiv1::__si_class_type_info::~__si_class_type_info()
 .text._ZN10__cxxabiv120__si_class_type_infoD0Ev
                0x0000470c       0x12 d:/programs/simplicitystudio/developer/toolchains/gnu_arm/4.8_2013q4/bin/../lib/gcc/arm-none-eabi/4.8.3/../../../../arm-none-eabi/lib/armv7-m\libstdc++_s.a(si_class_type_info.o)
                0x0000470c                __cxxabiv1::__si_class_type_info::~__si_class_type_info()
 .text._ZNK10__cxxabiv120__si_class_type_info20__do_find_public_srcEiPKvPKNS_17__class_type_infoES2_
                0x0000471e       0x34 d:/programs/simplicitystudio/developer/toolchains/gnu_arm/4.8_2013q4/bin/../lib/gcc/arm-none-eabi/4.8.3/../../../../arm-none-eabi/lib/armv7-m\libstdc++_s.a(si_class_type_info.o)
                0x0000471e                __cxxabiv1::__si_class_type_info::__do_find_public_src(int, void const*, __cxxabiv1::__class_type_info const*, void const*) const
 .text._ZNK10__cxxabiv120__si_class_type_info12__do_dyncastEiNS_17__class_type_info10__sub_kindEPKS1_PKvS4_S6_RNS1_16__dyncast_resultE
                0x00004752       0x7c d:/programs/simplicitystudio/developer/toolchains/gnu_arm/4.8_2013q4/bin/../lib/gcc/arm-none-eabi/4.8.3/../../../../arm-none-eabi/lib/armv7-m\libstdc++_s.a(si_class_type_info.o)
                0x00004752                __cxxabiv1::__si_class_type_info::__do_dyncast(int, __cxxabiv1::__class_type_info::__sub_kind, __cxxabiv1::__class_type_info const*, void const*, __cxxabiv1::__class_type_info const*, void const*, __cxxabiv1::__class_type_info::__dyncast_result&) const
 .text._ZNK10__cxxabiv120__si_class_type_info11__do_upcastEPKNS_17__class_type_infoEPKvRNS1_15__upcast_resultE
                0x000047ce       0x24 d:/programs/simplicitystudio/developer/toolchains/gnu_arm/4.8_2013q4/bin/../lib/gcc/arm-none-eabi/4.8.3/../../../../arm-none-eabi/lib/armv7-m\libstdc++_s.a(si_class_type_info.o)
                0x000047ce                __cxxabiv1::__si_class_type_info::__do_upcast(__cxxabiv1::__class_type_info const*, void const*, __cxxabiv1::__class_type_info::__upcast_result&) const
 .text._ZN10__cxxabiv1L24__is_gxx_exception_classEPc
                0x000047f2       0x3a d:/programs/simplicitystudio/developer/toolchains/gnu_arm/4.8_2013q4/bin/../lib/gcc/arm-none-eabi/4.8.3/../../../../arm-none-eabi/lib/armv7-m\libstdc++_s.a(eh_call.o)
 .text.__cxa_call_terminate
                0x0000482c       0x1e d:/programs/simplicitystudio/developer/toolchains/gnu_arm/4.8_2013q4/bin/../lib/gcc/arm-none-eabi/4.8.3/../../../../arm-none-eabi/lib/armv7-m\libstdc++_s.a(eh_call.o)
                0x0000482c                __cxa_call_terminate
 .text.__cxa_call_unexpected
                0x0000484a       0x28 d:/programs/simplicitystudio/developer/toolchains/gnu_arm/4.8_2013q4/bin/../lib/gcc/arm-none-eabi/4.8.3/../../../../arm-none-eabi/lib/armv7-m\libstdc++_s.a(eh_call.o)
                0x0000484a                __cxa_call_unexpected
 .text._ZN10__cxxabiv1L24__is_gxx_exception_classEPc
                0x00004872       0x3a d:/programs/simplicitystudio/developer/toolchains/gnu_arm/4.8_2013q4/bin/../lib/gcc/arm-none-eabi/4.8.3/../../../../arm-none-eabi/lib/armv7-m\libstdc++_s.a(eh_catch.o)
 .text.__cxa_begin_catch
                0x000048ac       0x52 d:/programs/simplicitystudio/developer/toolchains/gnu_arm/4.8_2013q4/bin/../lib/gcc/arm-none-eabi/4.8.3/../../../../arm-none-eabi/lib/armv7-m\libstdc++_s.a(eh_catch.o)
                0x000048ac                __cxa_begin_catch
 *fill*         0x000048fe        0x2 
 .text._ZN9__gnu_cxx27__verbose_terminate_handlerEv
                0x00004900       0x98 d:/programs/simplicitystudio/developer/toolchains/gnu_arm/4.8_2013q4/bin/../lib/gcc/arm-none-eabi/4.8.3/../../../../arm-none-eabi/lib/armv7-m\libstdc++_s.a(vterminate.o)
                0x00004900                __gnu_cxx::__verbose_terminate_handler()
 .text.__cxa_current_exception_type
                0x00004998       0x1a d:/programs/simplicitystudio/developer/toolchains/gnu_arm/4.8_2013q4/bin/../lib/gcc/arm-none-eabi/4.8.3/../../../../arm-none-eabi/lib/armv7-m\libstdc++_s.a(eh_type.o)
                0x00004998                __cxa_current_exception_type
 *fill*         0x000049b2        0x2 
 .text          0x000049b4     0x57ec d:/programs/simplicitystudio/developer/toolchains/gnu_arm/4.8_2013q4/bin/../lib/gcc/arm-none-eabi/4.8.3/../../../../arm-none-eabi/lib/armv7-m\libstdc++_s.a(cp-demangle.o)
                0x0000a0c0                __cxa_demangle
                0x0000a184                __gcclibcxx_demangle_callback
 .text.abort    0x0000a1a0        0xe d:/programs/simplicitystudio/developer/toolchains/gnu_arm/4.8_2013q4/bin/../lib/gcc/arm-none-eabi/4.8.3/../../../../arm-none-eabi/lib/armv7-m\libc_s.a(lib_a-abort.o)
                0x0000a1a0                abort
 *fill*         0x0000a1ae        0x2 
 .text.exit     0x0000a1b0       0x28 d:/programs/simplicitystudio/developer/toolchains/gnu_arm/4.8_2013q4/bin/../lib/gcc/arm-none-eabi/4.8.3/../../../../arm-none-eabi/lib/armv7-m\libc_s.a(lib_a-exit.o)
                0x0000a1b0                exit
 .text._fputs_r
                0x0000a1d8       0xa8 d:/programs/simplicitystudio/developer/toolchains/gnu_arm/4.8_2013q4/bin/../lib/gcc/arm-none-eabi/4.8.3/../../../../arm-none-eabi/lib/armv7-m\libc_s.a(lib_a-fputs.o)
                0x0000a1d8                _fputs_r
 .text.fputs    0x0000a280       0x14 d:/programs/simplicitystudio/developer/toolchains/gnu_arm/4.8_2013q4/bin/../lib/gcc/arm-none-eabi/4.8.3/../../../../arm-none-eabi/lib/armv7-m\libc_s.a(lib_a-fputs.o)
                0x0000a280                fputs
 .text.__libc_init_array
                0x0000a294       0x4c d:/programs/simplicitystudio/developer/toolchains/gnu_arm/4.8_2013q4/bin/../lib/gcc/arm-none-eabi/4.8.3/../../../../arm-none-eabi/lib/armv7-m\libc_s.a(lib_a-init.o)
                0x0000a294                __libc_init_array
 .text.free     0x0000a2e0       0x10 d:/programs/simplicitystudio/developer/toolchains/gnu_arm/4.8_2013q4/bin/../lib/gcc/arm-none-eabi/4.8.3/../../../../arm-none-eabi/lib/armv7-m\libc_s.a(lib_a-malloc.o)
                0x0000a2e0                free
 .text.memcmp   0x0000a2f0       0x1e d:/programs/simplicitystudio/developer/toolchains/gnu_arm/4.8_2013q4/bin/../lib/gcc/arm-none-eabi/4.8.3/../../../../arm-none-eabi/lib/armv7-m\libc_s.a(lib_a-memcmp.o)
                0x0000a2f0                memcmp
 .text.memcpy   0x0000a30e       0x12 d:/programs/simplicitystudio/developer/toolchains/gnu_arm/4.8_2013q4/bin/../lib/gcc/arm-none-eabi/4.8.3/../../../../arm-none-eabi/lib/armv7-m\libc_s.a(lib_a-memcpy-stub.o)
                0x0000a30e                memcpy
 .text.memset   0x0000a320       0x10 d:/programs/simplicitystudio/developer/toolchains/gnu_arm/4.8_2013q4/bin/../lib/gcc/arm-none-eabi/4.8.3/../../../../arm-none-eabi/lib/armv7-m\libc_s.a(lib_a-memset.o)
                0x0000a320                memset
 .text._free_r  0x0000a330       0x88 d:/programs/simplicitystudio/developer/toolchains/gnu_arm/4.8_2013q4/bin/../lib/gcc/arm-none-eabi/4.8.3/../../../../arm-none-eabi/lib/armv7-m\libc_s.a(lib_a-nano-freer.o)
                0x0000a330                _free_r
 .text._malloc_r
                0x0000a3b8       0xa8 d:/programs/simplicitystudio/developer/toolchains/gnu_arm/4.8_2013q4/bin/../lib/gcc/arm-none-eabi/4.8.3/../../../../arm-none-eabi/lib/armv7-m\libc_s.a(lib_a-nano-mallocr.o)
                0x0000a3b8                _malloc_r
 .text.realloc  0x0000a460       0x14 d:/programs/simplicitystudio/developer/toolchains/gnu_arm/4.8_2013q4/bin/../lib/gcc/arm-none-eabi/4.8.3/../../../../arm-none-eabi/lib/armv7-m\libc_s.a(lib_a-realloc.o)
                0x0000a460                realloc
 .text._sbrk_r  0x0000a474       0x20 d:/programs/simplicitystudio/developer/toolchains/gnu_arm/4.8_2013q4/bin/../lib/gcc/arm-none-eabi/4.8.3/../../../../arm-none-eabi/lib/armv7-m\libc_s.a(lib_a-sbrkr.o)
                0x0000a474                _sbrk_r
 .text._raise_r
                0x0000a494       0x50 d:/programs/simplicitystudio/developer/toolchains/gnu_arm/4.8_2013q4/bin/../lib/gcc/arm-none-eabi/4.8.3/../../../../arm-none-eabi/lib/armv7-m\libc_s.a(lib_a-signal.o)
                0x0000a494                _raise_r
 .text.raise    0x0000a4e4       0x10 d:/programs/simplicitystudio/developer/toolchains/gnu_arm/4.8_2013q4/bin/../lib/gcc/arm-none-eabi/4.8.3/../../../../arm-none-eabi/lib/armv7-m\libc_s.a(lib_a-signal.o)
                0x0000a4e4                raise
 .text._kill_r  0x0000a4f4       0x24 d:/programs/simplicitystudio/developer/toolchains/gnu_arm/4.8_2013q4/bin/../lib/gcc/arm-none-eabi/4.8.3/../../../../arm-none-eabi/lib/armv7-m\libc_s.a(lib_a-signalr.o)
                0x0000a4f4                _kill_r
 .text._getpid_r
                0x0000a518        0x4 d:/programs/simplicitystudio/developer/toolchains/gnu_arm/4.8_2013q4/bin/../lib/gcc/arm-none-eabi/4.8.3/../../../../arm-none-eabi/lib/armv7-m\libc_s.a(lib_a-signalr.o)
                0x0000a518                _getpid_r
 .text.sprintf  0x0000a51c       0x48 d:/programs/simplicitystudio/developer/toolchains/gnu_arm/4.8_2013q4/bin/../lib/gcc/arm-none-eabi/4.8.3/../../../../arm-none-eabi/lib/armv7-m\libc_s.a(lib_a-sprintf.o)
                0x0000a51c                siprintf
                0x0000a51c                sprintf
 .text          0x0000a564       0x14 d:/programs/simplicitystudio/developer/toolchains/gnu_arm/4.8_2013q4/bin/../lib/gcc/arm-none-eabi/4.8.3/../../../../arm-none-eabi/lib/armv7-m\libc_s.a(lib_a-strcmp.o)
                0x0000a564                strcmp
 .text.strlen   0x0000a578       0x10 d:/programs/simplicitystudio/developer/toolchains/gnu_arm/4.8_2013q4/bin/../lib/gcc/arm-none-eabi/4.8.3/../../../../arm-none-eabi/lib/armv7-m\libc_s.a(lib_a-strlen.o)
                0x0000a578                strlen
 .text.strncmp  0x0000a588       0x2c d:/programs/simplicitystudio/developer/toolchains/gnu_arm/4.8_2013q4/bin/../lib/gcc/arm-none-eabi/4.8.3/../../../../arm-none-eabi/lib/armv7-m\libc_s.a(lib_a-strncmp.o)
                0x0000a588                strncmp
 .text.__ssputs_r
                0x0000a5b4       0xb8 d:/programs/simplicitystudio/developer/toolchains/gnu_arm/4.8_2013q4/bin/../lib/gcc/arm-none-eabi/4.8.3/../../../../arm-none-eabi/lib/armv7-m\libc_s.a(lib_a-svfprintf.o)
                0x0000a5b4                __ssputs_r
 .text._svfprintf_r
                0x0000a66c      0x1d8 d:/programs/simplicitystudio/developer/toolchains/gnu_arm/4.8_2013q4/bin/../lib/gcc/arm-none-eabi/4.8.3/../../../../arm-none-eabi/lib/armv7-m\libc_s.a(lib_a-svfprintf.o)
                0x0000a66c                _svfiprintf_r
                0x0000a66c                _svfprintf_r
 .text._printf_common
                0x0000a844       0xe4 d:/programs/simplicitystudio/developer/toolchains/gnu_arm/4.8_2013q4/bin/../lib/gcc/arm-none-eabi/4.8.3/../../../../arm-none-eabi/lib/armv7-m\libc_s.a(lib_a-vfprintf_i.o)
                0x0000a844                _printf_common
 .text._printf_i
                0x0000a928      0x228 d:/programs/simplicitystudio/developer/toolchains/gnu_arm/4.8_2013q4/bin/../lib/gcc/arm-none-eabi/4.8.3/../../../../arm-none-eabi/lib/armv7-m\libc_s.a(lib_a-vfprintf_i.o)
                0x0000a928                _printf_i
 .text.__swbuf_r
                0x0000ab50       0xa8 d:/programs/simplicitystudio/developer/toolchains/gnu_arm/4.8_2013q4/bin/../lib/gcc/arm-none-eabi/4.8.3/../../../../arm-none-eabi/lib/armv7-m\libc_s.a(lib_a-wbuf.o)
                0x0000ab50                __swbuf_r
 .text._write_r
                0x0000abf8       0x24 d:/programs/simplicitystudio/developer/toolchains/gnu_arm/4.8_2013q4/bin/../lib/gcc/arm-none-eabi/4.8.3/../../../../arm-none-eabi/lib/armv7-m\libc_s.a(lib_a-writer.o)
                0x0000abf8                _write_r
 .text.__swsetup_r
                0x0000ac1c       0xdc d:/programs/simplicitystudio/developer/toolchains/gnu_arm/4.8_2013q4/bin/../lib/gcc/arm-none-eabi/4.8.3/../../../../arm-none-eabi/lib/armv7-m\libc_s.a(lib_a-wsetup.o)
                0x0000ac1c                __swsetup_r
 .text.__sflush_r
                0x0000acf8      0x106 d:/programs/simplicitystudio/developer/toolchains/gnu_arm/4.8_2013q4/bin/../lib/gcc/arm-none-eabi/4.8.3/../../../../arm-none-eabi/lib/armv7-m\libc_s.a(lib_a-fflush.o)
                0x0000acf8                __sflush_r
 *fill*         0x0000adfe        0x2 
 .text._fflush_r
                0x0000ae00       0x54 d:/programs/simplicitystudio/developer/toolchains/gnu_arm/4.8_2013q4/bin/../lib/gcc/arm-none-eabi/4.8.3/../../../../arm-none-eabi/lib/armv7-m\libc_s.a(lib_a-fflush.o)
                0x0000ae00                _fflush_r
 .text._cleanup_r
                0x0000ae54       0x32 d:/programs/simplicitystudio/developer/toolchains/gnu_arm/4.8_2013q4/bin/../lib/gcc/arm-none-eabi/4.8.3/../../../../arm-none-eabi/lib/armv7-m\libc_s.a(lib_a-findfp.o)
                0x0000ae54                _cleanup_r
 *fill*         0x0000ae86        0x2 
 .text.std.isra.0
                0x0000ae88       0x48 d:/programs/simplicitystudio/developer/toolchains/gnu_arm/4.8_2013q4/bin/../lib/gcc/arm-none-eabi/4.8.3/../../../../arm-none-eabi/lib/armv7-m\libc_s.a(lib_a-findfp.o)
 .text.__sfmoreglue
                0x0000aed0       0x2c d:/programs/simplicitystudio/developer/toolchains/gnu_arm/4.8_2013q4/bin/../lib/gcc/arm-none-eabi/4.8.3/../../../../arm-none-eabi/lib/armv7-m\libc_s.a(lib_a-findfp.o)
                0x0000aed0                __sfmoreglue
 .text.__sinit  0x0000aefc       0x60 d:/programs/simplicitystudio/developer/toolchains/gnu_arm/4.8_2013q4/bin/../lib/gcc/arm-none-eabi/4.8.3/../../../../arm-none-eabi/lib/armv7-m\libc_s.a(lib_a-findfp.o)
                0x0000aefc                __sinit
 .text.__sfp    0x0000af5c       0x74 d:/programs/simplicitystudio/developer/toolchains/gnu_arm/4.8_2013q4/bin/../lib/gcc/arm-none-eabi/4.8.3/../../../../arm-none-eabi/lib/armv7-m\libc_s.a(lib_a-findfp.o)
                0x0000af5c                __sfp
 .text.__smakebuf_r
                0x0000afd0       0x98 d:/programs/simplicitystudio/developer/toolchains/gnu_arm/4.8_2013q4/bin/../lib/gcc/arm-none-eabi/4.8.3/../../../../arm-none-eabi/lib/armv7-m\libc_s.a(lib_a-makebuf.o)
                0x0000afd0                __smakebuf_r
 .text.memchr   0x0000b068       0x1c d:/programs/simplicitystudio/developer/toolchains/gnu_arm/4.8_2013q4/bin/../lib/gcc/arm-none-eabi/4.8.3/../../../../arm-none-eabi/lib/armv7-m\libc_s.a(lib_a-memchr-stub.o)
                0x0000b068                memchr
 .text.memmove  0x0000b084       0x36 d:/programs/simplicitystudio/developer/toolchains/gnu_arm/4.8_2013q4/bin/../lib/gcc/arm-none-eabi/4.8.3/../../../../arm-none-eabi/lib/armv7-m\libc_s.a(lib_a-memmove.o)
                0x0000b084                memmove
 .text._realloc_r
                0x0000b0ba       0x4c d:/programs/simplicitystudio/developer/toolchains/gnu_arm/4.8_2013q4/bin/../lib/gcc/arm-none-eabi/4.8.3/../../../../arm-none-eabi/lib/armv7-m\libc_s.a(lib_a-nano-reallocr.o)
                0x0000b0ba                _realloc_r
 .text.__sread  0x0000b106       0x22 d:/programs/simplicitystudio/developer/toolchains/gnu_arm/4.8_2013q4/bin/../lib/gcc/arm-none-eabi/4.8.3/../../../../arm-none-eabi/lib/armv7-m\libc_s.a(lib_a-stdio.o)
                0x0000b106                __sread
 .text.__swrite
                0x0000b128       0x38 d:/programs/simplicitystudio/developer/toolchains/gnu_arm/4.8_2013q4/bin/../lib/gcc/arm-none-eabi/4.8.3/../../../../arm-none-eabi/lib/armv7-m\libc_s.a(lib_a-stdio.o)
                0x0000b128                __swrite
 .text.__sseek  0x0000b160       0x24 d:/programs/simplicitystudio/developer/toolchains/gnu_arm/4.8_2013q4/bin/../lib/gcc/arm-none-eabi/4.8.3/../../../../arm-none-eabi/lib/armv7-m\libc_s.a(lib_a-stdio.o)
                0x0000b160                __sseek
 .text.__sclose
                0x0000b184        0x8 d:/programs/simplicitystudio/developer/toolchains/gnu_arm/4.8_2013q4/bin/../lib/gcc/arm-none-eabi/4.8.3/../../../../arm-none-eabi/lib/armv7-m\libc_s.a(lib_a-stdio.o)
                0x0000b184                __sclose
 .text._close_r
                0x0000b18c       0x20 d:/programs/simplicitystudio/developer/toolchains/gnu_arm/4.8_2013q4/bin/../lib/gcc/arm-none-eabi/4.8.3/../../../../arm-none-eabi/lib/armv7-m\libc_s.a(lib_a-closer.o)
                0x0000b18c                _close_r
 .text._fstat_r
                0x0000b1ac       0x24 d:/programs/simplicitystudio/developer/toolchains/gnu_arm/4.8_2013q4/bin/../lib/gcc/arm-none-eabi/4.8.3/../../../../arm-none-eabi/lib/armv7-m\libc_s.a(lib_a-fstatr.o)
                0x0000b1ac                _fstat_r
 .text._isatty_r
                0x0000b1d0       0x20 d:/programs/simplicitystudio/developer/toolchains/gnu_arm/4.8_2013q4/bin/../lib/gcc/arm-none-eabi/4.8.3/../../../../arm-none-eabi/lib/armv7-m\libc_s.a(lib_a-isattyr.o)
                0x0000b1d0                _isatty_r
 .text._lseek_r
                0x0000b1f0       0x24 d:/programs/simplicitystudio/developer/toolchains/gnu_arm/4.8_2013q4/bin/../lib/gcc/arm-none-eabi/4.8.3/../../../../arm-none-eabi/lib/armv7-m\libc_s.a(lib_a-lseekr.o)
                0x0000b1f0                _lseek_r
 .text._malloc_usable_size_r
                0x0000b214       0x12 d:/programs/simplicitystudio/developer/toolchains/gnu_arm/4.8_2013q4/bin/../lib/gcc/arm-none-eabi/4.8.3/../../../../arm-none-eabi/lib/armv7-m\libc_s.a(lib_a-nano-msizer.o)
                0x0000b214                _malloc_usable_size_r
 *fill*         0x0000b226        0x2 
 .text._read_r  0x0000b228       0x24 d:/programs/simplicitystudio/developer/toolchains/gnu_arm/4.8_2013q4/bin/../lib/gcc/arm-none-eabi/4.8.3/../../../../arm-none-eabi/lib/armv7-m\libc_s.a(lib_a-readr.o)
                0x0000b228                _read_r
 .text._close   0x0000b24c       0x10 d:/programs/simplicitystudio/developer/toolchains/gnu_arm/4.8_2013q4/bin/../lib/gcc/arm-none-eabi/4.8.3/../../../../arm-none-eabi/lib/armv7-m\libnosys.a(close.o)
                0x0000b24c                _close
 .text._fstat   0x0000b25c       0x10 d:/programs/simplicitystudio/developer/toolchains/gnu_arm/4.8_2013q4/bin/../lib/gcc/arm-none-eabi/4.8.3/../../../../arm-none-eabi/lib/armv7-m\libnosys.a(fstat.o)
                0x0000b25c                _fstat
 .text._getpid  0x0000b26c       0x10 d:/programs/simplicitystudio/developer/toolchains/gnu_arm/4.8_2013q4/bin/../lib/gcc/arm-none-eabi/4.8.3/../../../../arm-none-eabi/lib/armv7-m\libnosys.a(getpid.o)
                0x0000b26c                _getpid
 .text._isatty  0x0000b27c       0x10 d:/programs/simplicitystudio/developer/toolchains/gnu_arm/4.8_2013q4/bin/../lib/gcc/arm-none-eabi/4.8.3/../../../../arm-none-eabi/lib/armv7-m\libnosys.a(isatty.o)
                0x0000b27c                _isatty
 .text._kill    0x0000b28c       0x10 d:/programs/simplicitystudio/developer/toolchains/gnu_arm/4.8_2013q4/bin/../lib/gcc/arm-none-eabi/4.8.3/../../../../arm-none-eabi/lib/armv7-m\libnosys.a(kill.o)
                0x0000b28c                _kill
 .text._lseek   0x0000b29c       0x10 d:/programs/simplicitystudio/developer/toolchains/gnu_arm/4.8_2013q4/bin/../lib/gcc/arm-none-eabi/4.8.3/../../../../arm-none-eabi/lib/armv7-m\libnosys.a(lseek.o)
                0x0000b29c                _lseek
 .text._read    0x0000b2ac       0x10 d:/programs/simplicitystudio/developer/toolchains/gnu_arm/4.8_2013q4/bin/../lib/gcc/arm-none-eabi/4.8.3/../../../../arm-none-eabi/lib/armv7-m\libnosys.a(read.o)
                0x0000b2ac                _read
 .text._sbrk    0x0000b2bc       0x34 d:/programs/simplicitystudio/developer/toolchains/gnu_arm/4.8_2013q4/bin/../lib/gcc/arm-none-eabi/4.8.3/../../../../arm-none-eabi/lib/armv7-m\libnosys.a(sbrk.o)
                0x0000b2bc                _sbrk
 .text._write   0x0000b2f0       0x10 d:/programs/simplicitystudio/developer/toolchains/gnu_arm/4.8_2013q4/bin/../lib/gcc/arm-none-eabi/4.8.3/../../../../arm-none-eabi/lib/armv7-m\libnosys.a(write.o)
                0x0000b2f0                _write
 .text._exit    0x0000b300        0x4 d:/programs/simplicitystudio/developer/toolchains/gnu_arm/4.8_2013q4/bin/../lib/gcc/arm-none-eabi/4.8.3/../../../../arm-none-eabi/lib/armv7-m\libnosys.a(_exit.o)
                0x0000b300                _exit
 *(.init)
 .init          0x0000b304        0x4 d:/programs/simplicitystudio/developer/toolchains/gnu_arm/4.8_2013q4/bin/../lib/gcc/arm-none-eabi/4.8.3/armv7-m/crti.o
                0x0000b304                _init
 .init          0x0000b308        0x8 d:/programs/simplicitystudio/developer/toolchains/gnu_arm/4.8_2013q4/bin/../lib/gcc/arm-none-eabi/4.8.3/armv7-m/crtn.o
 *(.fini)
 .fini          0x0000b310        0x4 d:/programs/simplicitystudio/developer/toolchains/gnu_arm/4.8_2013q4/bin/../lib/gcc/arm-none-eabi/4.8.3/armv7-m/crti.o
                0x0000b310                _fini
 .fini          0x0000b314        0x8 d:/programs/simplicitystudio/developer/toolchains/gnu_arm/4.8_2013q4/bin/../lib/gcc/arm-none-eabi/4.8.3/armv7-m/crtn.o
 *crtbegin.o(.ctors)
 *crtbegin?.o(.ctors)
 *(EXCLUDE_FILE(*crtend.o *crtend?.o) .ctors)
 *(SORT(.ctors.*))
 *(.ctors)
 *crtbegin.o(.dtors)
 *crtbegin?.o(.dtors)
 *(EXCLUDE_FILE(*crtend.o *crtend?.o) .dtors)
 *(SORT(.dtors.*))
 *(.dtors)
 *(.rodata*)
 .rodata        0x0000b31c       0x44 ./src/interruptHandlers.o
 .rodata        0x0000b360        0x4 ./src/rtc.o
 .rodata.EFM_Display
                0x0000b364      0x120 ./Drivers/segmentlcd.o
 .rodata.EFM_Alphabet
                0x0000b484       0xb8 ./Drivers/segmentlcd.o
 .rodata.lcdInit
                0x0000b53c       0x14 ./Drivers/segmentlcd.o
 .rodata._ZTIN10__cxxabiv115__forced_unwindE
                0x0000b550        0x8 d:/programs/simplicitystudio/developer/toolchains/gnu_arm/4.8_2013q4/bin/../lib/gcc/arm-none-eabi/4.8.3/../../../../arm-none-eabi/lib/armv7-m\libstdc++_s.a(eh_exception.o)
                0x0000b550                typeinfo for __cxxabiv1::__forced_unwind
 .rodata._ZTSN10__cxxabiv119__foreign_exceptionE
                0x0000b558       0x24 d:/programs/simplicitystudio/developer/toolchains/gnu_arm/4.8_2013q4/bin/../lib/gcc/arm-none-eabi/4.8.3/../../../../arm-none-eabi/lib/armv7-m\libstdc++_s.a(eh_exception.o)
                0x0000b558                typeinfo name for __cxxabiv1::__foreign_exception
 .rodata._ZTIN10__cxxabiv119__foreign_exceptionE
                0x0000b57c        0x8 d:/programs/simplicitystudio/developer/toolchains/gnu_arm/4.8_2013q4/bin/../lib/gcc/arm-none-eabi/4.8.3/../../../../arm-none-eabi/lib/armv7-m\libstdc++_s.a(eh_exception.o)
                0x0000b57c                typeinfo for __cxxabiv1::__foreign_exception
 .rodata._ZTSN10__cxxabiv115__forced_unwindE
                0x0000b584       0x20 d:/programs/simplicitystudio/developer/toolchains/gnu_arm/4.8_2013q4/bin/../lib/gcc/arm-none-eabi/4.8.3/../../../../arm-none-eabi/lib/armv7-m\libstdc++_s.a(eh_exception.o)
                0x0000b584                typeinfo name for __cxxabiv1::__forced_unwind
 *fill*         0x0000b5a4        0x4 
 .rodata._ZTVN10__cxxabiv117__class_type_infoE
                0x0000b5a8       0x30 d:/programs/simplicitystudio/developer/toolchains/gnu_arm/4.8_2013q4/bin/../lib/gcc/arm-none-eabi/4.8.3/../../../../arm-none-eabi/lib/armv7-m\libstdc++_s.a(class_type_info.o)
                0x0000b5a8                vtable for __cxxabiv1::__class_type_info
 .rodata._ZTIN10__cxxabiv117__class_type_infoE
                0x0000b5d8        0xc d:/programs/simplicitystudio/developer/toolchains/gnu_arm/4.8_2013q4/bin/../lib/gcc/arm-none-eabi/4.8.3/../../../../arm-none-eabi/lib/armv7-m\libstdc++_s.a(class_type_info.o)
                0x0000b5d8                typeinfo for __cxxabiv1::__class_type_info
 .rodata._ZTSN10__cxxabiv117__class_type_infoE
                0x0000b5e4       0x22 d:/programs/simplicitystudio/developer/toolchains/gnu_arm/4.8_2013q4/bin/../lib/gcc/arm-none-eabi/4.8.3/../../../../arm-none-eabi/lib/armv7-m\libstdc++_s.a(class_type_info.o)
                0x0000b5e4                typeinfo name for __cxxabiv1::__class_type_info
 *fill*         0x0000b606        0x2 
 .rodata._ZTISt9type_info
                0x0000b608        0x8 d:/programs/simplicitystudio/developer/toolchains/gnu_arm/4.8_2013q4/bin/../lib/gcc/arm-none-eabi/4.8.3/../../../../arm-none-eabi/lib/armv7-m\libstdc++_s.a(tinfo.o)
                0x0000b608                typeinfo for std::type_info
 .rodata._ZTSSt9type_info
                0x0000b610        0xd d:/programs/simplicitystudio/developer/toolchains/gnu_arm/4.8_2013q4/bin/../lib/gcc/arm-none-eabi/4.8.3/../../../../arm-none-eabi/lib/armv7-m\libstdc++_s.a(tinfo.o)
                0x0000b610                typeinfo name for std::type_info
 *fill*         0x0000b61d        0x3 
 .rodata._ZTVSt9type_info
                0x0000b620       0x20 d:/programs/simplicitystudio/developer/toolchains/gnu_arm/4.8_2013q4/bin/../lib/gcc/arm-none-eabi/4.8.3/../../../../arm-none-eabi/lib/armv7-m\libstdc++_s.a(tinfo.o)
                0x0000b620                vtable for std::type_info
 .rodata._ZTVN10__cxxabiv120__si_class_type_infoE
                0x0000b640       0x30 d:/programs/simplicitystudio/developer/toolchains/gnu_arm/4.8_2013q4/bin/../lib/gcc/arm-none-eabi/4.8.3/../../../../arm-none-eabi/lib/armv7-m\libstdc++_s.a(si_class_type_info.o)
                0x0000b640                vtable for __cxxabiv1::__si_class_type_info
 .rodata._ZTIN10__cxxabiv120__si_class_type_infoE
                0x0000b670        0xc d:/programs/simplicitystudio/developer/toolchains/gnu_arm/4.8_2013q4/bin/../lib/gcc/arm-none-eabi/4.8.3/../../../../arm-none-eabi/lib/armv7-m\libstdc++_s.a(si_class_type_info.o)
                0x0000b670                typeinfo for __cxxabiv1::__si_class_type_info
 .rodata._ZTSN10__cxxabiv120__si_class_type_infoE
                0x0000b67c       0x25 d:/programs/simplicitystudio/developer/toolchains/gnu_arm/4.8_2013q4/bin/../lib/gcc/arm-none-eabi/4.8.3/../../../../arm-none-eabi/lib/armv7-m\libstdc++_s.a(si_class_type_info.o)
                0x0000b67c                typeinfo name for __cxxabiv1::__si_class_type_info
 .rodata.str1.1
                0x0000b6a1       0x80 d:/programs/simplicitystudio/developer/toolchains/gnu_arm/4.8_2013q4/bin/../lib/gcc/arm-none-eabi/4.8.3/../../../../arm-none-eabi/lib/armv7-m\libstdc++_s.a(vterminate.o)
 *fill*         0x0000b721        0x3 
 .rodata        0x0000b724      0x738 d:/programs/simplicitystudio/developer/toolchains/gnu_arm/4.8_2013q4/bin/../lib/gcc/arm-none-eabi/4.8.3/../../../../arm-none-eabi/lib/armv7-m\libstdc++_s.a(cp-demangle.o)
 .rodata.str1.4
                0x0000be5c      0x7f4 d:/programs/simplicitystudio/developer/toolchains/gnu_arm/4.8_2013q4/bin/../lib/gcc/arm-none-eabi/4.8.3/../../../../arm-none-eabi/lib/armv7-m\libstdc++_s.a(cp-demangle.o)
                                0x840 (size before relaxing)
 .rodata.str1.1
                0x0000c650        0x2 d:/programs/simplicitystudio/developer/toolchains/gnu_arm/4.8_2013q4/bin/../lib/gcc/arm-none-eabi/4.8.3/../../../../arm-none-eabi/lib/armv7-m\libc_s.a(lib_a-impure.o)
 *fill*         0x0000c652        0x2 
 .rodata._global_impure_ptr
                0x0000c654        0x4 d:/programs/simplicitystudio/developer/toolchains/gnu_arm/4.8_2013q4/bin/../lib/gcc/arm-none-eabi/4.8.3/../../../../arm-none-eabi/lib/armv7-m\libc_s.a(lib_a-impure.o)
                0x0000c654                _global_impure_ptr
 .rodata.str1.1
                0x0000c658       0x11 d:/programs/simplicitystudio/developer/toolchains/gnu_arm/4.8_2013q4/bin/../lib/gcc/arm-none-eabi/4.8.3/../../../../arm-none-eabi/lib/armv7-m\libc_s.a(lib_a-svfprintf.o)
 .rodata.str1.1
                0x0000c669       0x22 d:/programs/simplicitystudio/developer/toolchains/gnu_arm/4.8_2013q4/bin/../lib/gcc/arm-none-eabi/4.8.3/../../../../arm-none-eabi/lib/armv7-m\libc_s.a(lib_a-vfprintf_i.o)
 *fill*         0x0000c68b        0x1 
 .rodata.__sf_fake_stdin
                0x0000c68c       0x20 d:/programs/simplicitystudio/developer/toolchains/gnu_arm/4.8_2013q4/bin/../lib/gcc/arm-none-eabi/4.8.3/../../../../arm-none-eabi/lib/armv7-m\libc_s.a(lib_a-findfp.o)
                0x0000c68c                __sf_fake_stdin
 .rodata.__sf_fake_stdout
                0x0000c6ac       0x20 d:/programs/simplicitystudio/developer/toolchains/gnu_arm/4.8_2013q4/bin/../lib/gcc/arm-none-eabi/4.8.3/../../../../arm-none-eabi/lib/armv7-m\libc_s.a(lib_a-findfp.o)
                0x0000c6ac                __sf_fake_stdout
 .rodata.__sf_fake_stderr
                0x0000c6cc       0x20 d:/programs/simplicitystudio/developer/toolchains/gnu_arm/4.8_2013q4/bin/../lib/gcc/arm-none-eabi/4.8.3/../../../../arm-none-eabi/lib/armv7-m\libc_s.a(lib_a-findfp.o)
                0x0000c6cc                __sf_fake_stderr
 *(.eh_frame*)
 .eh_frame      0x0000c6ec        0x0 d:/programs/simplicitystudio/developer/toolchains/gnu_arm/4.8_2013q4/bin/../lib/gcc/arm-none-eabi/4.8.3/armv7-m/crtbegin.o
 .eh_frame      0x0000c6ec        0x4 d:/programs/simplicitystudio/developer/toolchains/gnu_arm/4.8_2013q4/bin/../lib/gcc/arm-none-eabi/4.8.3/armv7-m/crtend.o

.glue_7         0x0000c6f0        0x0
 .glue_7        0x00000000        0x0 linker stubs

.glue_7t        0x0000c6f0        0x0
 .glue_7t       0x00000000        0x0 linker stubs

.vfp11_veneer   0x0000c6f0        0x0
 .vfp11_veneer  0x00000000        0x0 linker stubs

.v4_bx          0x0000c6f0        0x0
 .v4_bx         0x00000000        0x0 linker stubs

.iplt           0x0000c6f0        0x0
 .iplt          0x00000000        0x0 d:/programs/simplicitystudio/developer/toolchains/gnu_arm/4.8_2013q4/bin/../lib/gcc/arm-none-eabi/4.8.3/armv7-m/crtbegin.o

.ARM.extab      0x0000c6f0       0x9c
 *(.ARM.extab* .gnu.linkonce.armextab.*)
 .ARM.extab.text._Z12leTimerSetupv
                0x0000c6f0       0x18 ./src/leTimer.o
 .ARM.extab.text._Z13leTimerTurnOni
                0x0000c708        0xc ./src/leTimer.o
 .ARM.extab.text.CHIP_Init
                0x0000c714       0x18 ./src/main.o
 .ARM.extab.text._Z8rtcSetupv
                0x0000c72c       0x18 ./src/rtc.o
 .ARM.extab.text._Z11rtcSetDelayi
                0x0000c744        0xc ./src/rtc.o
 .ARM.extab.text._Z10timerSetupv
                0x0000c750       0x18 ./src/timer.o
 .ARM.extab     0x0000c768        0xc d:/programs/simplicitystudio/developer/toolchains/gnu_arm/4.8_2013q4/bin/../lib/gcc/arm-none-eabi/4.8.3/armv7-m\libgcc.a(unwind-arm.o)
 .ARM.extab     0x0000c774       0x18 d:/programs/simplicitystudio/developer/toolchains/gnu_arm/4.8_2013q4/bin/../lib/gcc/arm-none-eabi/4.8.3/armv7-m\libgcc.a(pr-support.o)
                0x0000c78c                __exidx_start = .

.ARM.exidx      0x0000c78c      0x158
 *(.ARM.exidx* .gnu.linkonce.armexidx.*)
 .ARM.exidx     0x0000c78c        0x8 d:/programs/simplicitystudio/developer/toolchains/gnu_arm/4.8_2013q4/bin/../lib/gcc/arm-none-eabi/4.8.3/../../../../arm-none-eabi/lib/armv7-m/crt0.o
 .ARM.exidx.text.NVIC_EnableIRQ
                0x0000c794        0x0 ./src/gpio.o
                                  0x8 (size before relaxing)
 .ARM.exidx.text.NVIC_ClearPendingIRQ
                0x0000c794        0x0 ./src/gpio.o
                                  0x8 (size before relaxing)
 .ARM.exidx.text.GPIO_PinOutClear
                0x0000c794        0x0 ./src/gpio.o
                                  0x8 (size before relaxing)
 .ARM.exidx.text._Z9gpioSetupv
                0x0000c794        0x8 ./src/gpio.o
 .ARM.exidx.text._Z13pillTriggerOnv
                0x0000c79c        0x0 ./src/gpio.o
                                  0x8 (size before relaxing)
 .ARM.exidx.text._Z14pillTriggerOffv
                0x0000c79c        0x0 ./src/gpio.o
                                  0x8 (size before relaxing)
 .ARM.exidx.text._Z12menuButtonOnv
                0x0000c79c        0x0 ./src/gpio.o
                                  0x8 (size before relaxing)
 .ARM.exidx.text._Z13menuButtonOffv
                0x0000c79c        0x0 ./src/gpio.o
                                  0x8 (size before relaxing)
 .ARM.exidx.text.RTC_IntClear
                0x0000c79c        0x8 ./src/interruptHandlers.o
 .ARM.exidx.text.LETIMER_IntClear
                0x0000c7a4        0x0 ./src/interruptHandlers.o
                                  0x8 (size before relaxing)
 .ARM.exidx.text.GPIO_IntClear
                0x0000c7a4        0x0 ./src/interruptHandlers.o
                                  0x8 (size before relaxing)
 .ARM.exidx.text.GPIO_IntGet
                0x0000c7a4        0x0 ./src/interruptHandlers.o
                                  0x8 (size before relaxing)
 .ARM.exidx.text.GPIO_PinOutClear
                0x0000c7a4        0x0 ./src/interruptHandlers.o
                                  0x8 (size before relaxing)
 .ARM.exidx.text.GPIO_PinOutToggle
                0x0000c7a4        0x0 ./src/interruptHandlers.o
                                  0x8 (size before relaxing)
 .ARM.exidx.text.TIMER_IntClear
                0x0000c7a4        0x0 ./src/interruptHandlers.o
                                  0x8 (size before relaxing)
 .ARM.exidx.text.RTC_IRQHandler
                0x0000c7a4        0x8 ./src/interruptHandlers.o
 .ARM.exidx.text.LETIMER0_IRQHandler
                0x0000c7ac        0x0 ./src/interruptHandlers.o
                                  0x8 (size before relaxing)
 .ARM.exidx.text.GPIO_EVEN_IRQHandler
                0x0000c7ac        0x0 ./src/interruptHandlers.o
                                  0x8 (size before relaxing)
 .ARM.exidx.text.GPIO_ODD_IRQHandler
                0x0000c7ac        0x0 ./src/interruptHandlers.o
                                  0x8 (size before relaxing)
 .ARM.exidx.text.TIMER0_IRQHandler
                0x0000c7ac        0x8 ./src/interruptHandlers.o
 .ARM.exidx.text.NVIC_EnableIRQ
                0x0000c7b4        0x0 ./src/leTimer.o
                                  0x8 (size before relaxing)
 .ARM.exidx.text.LETIMER_IntDisable
                0x0000c7b4        0x0 ./src/leTimer.o
                                  0x8 (size before relaxing)
 .ARM.exidx.text.LETIMER_IntEnable
                0x0000c7b4        0x0 ./src/leTimer.o
                                  0x8 (size before relaxing)
 .ARM.exidx.text._Z12leTimerSetupv
                0x0000c7b4        0x8 ./src/leTimer.o
 .ARM.exidx.text._Z14leTimerTurnOffv
                0x0000c7bc        0x8 ./src/leTimer.o
 .ARM.exidx.text._Z13leTimerTurnOni
                0x0000c7c4        0x8 ./src/leTimer.o
 .ARM.exidx.text.CHIP_Init
                0x0000c7cc        0x8 ./src/main.o
 .ARM.exidx.text.main
                0x0000c7d4        0x8 ./src/main.o
 .ARM.exidx.text.NVIC_EnableIRQ
                0x0000c7dc        0x8 ./src/rtc.o
 .ARM.exidx.text.RTC_IntEnable
                0x0000c7e4        0x0 ./src/rtc.o
                                  0x8 (size before relaxing)
 .ARM.exidx.text._Z8rtcSetupv
                0x0000c7e4        0x8 ./src/rtc.o
 .ARM.exidx.text._Z11rtcSetDelayi
                0x0000c7ec        0x8 ./src/rtc.o
 .ARM.exidx.text._Z10rtcDisablev
                0x0000c7f4        0x8 ./src/rtc.o
 .ARM.exidx.text._Z17changeStateToStepv
                0x0000c7fc        0x0 ./src/states.o
                                  0x8 (size before relaxing)
 .ARM.exidx.text._Z19changeStateToNotifyv
                0x0000c7fc        0x0 ./src/states.o
                                  0x8 (size before relaxing)
 .ARM.exidx.text._Z17changeStateToWaitv
                0x0000c7fc        0x0 ./src/states.o
                                  0x8 (size before relaxing)
 .ARM.exidx.text._Z17changeStateToMenuv
                0x0000c7fc        0x0 ./src/states.o
                                  0x8 (size before relaxing)
 .ARM.exidx.text._Z17getDispenserStatev
                0x0000c7fc        0x8 ./src/states.o
 .ARM.exidx.text.GPIO_PinOutClear
                0x0000c804        0x0 ./src/stepmotor.o
                                  0x8 (size before relaxing)
 .ARM.exidx.text.GPIO_PinOutSet
                0x0000c804        0x0 ./src/stepmotor.o
                                  0x8 (size before relaxing)
 .ARM.exidx.text._Z15motor_gpioSetupv
                0x0000c804        0x8 ./src/stepmotor.o
 .ARM.exidx.text._Z15motor_microstepv
                0x0000c80c        0x8 ./src/stepmotor.o
 .ARM.exidx.text.NVIC_EnableIRQ
                0x0000c814        0x0 ./src/timer.o
                                  0x8 (size before relaxing)
 .ARM.exidx.text.TIMER_IntDisable
                0x0000c814        0x0 ./src/timer.o
                                  0x8 (size before relaxing)
 .ARM.exidx.text.TIMER_IntEnable
                0x0000c814        0x0 ./src/timer.o
                                  0x8 (size before relaxing)
 .ARM.exidx.text.TIMER_TopSet
                0x0000c814        0x0 ./src/timer.o
                                  0x8 (size before relaxing)
 .ARM.exidx.text._Z10timerSetupv
                0x0000c814        0x8 ./src/timer.o
 .ARM.exidx.text._Z11timerTurnOnv
                0x0000c81c        0x8 ./src/timer.o
 .ARM.exidx.text._Z12timerTurnOffv
                0x0000c824        0x0 ./src/timer.o
                                  0x8 (size before relaxing)
 .ARM.exidx     0x0000c824       0x88 d:/programs/simplicitystudio/developer/toolchains/gnu_arm/4.8_2013q4/bin/../lib/gcc/arm-none-eabi/4.8.3/armv7-m\libgcc.a(unwind-arm.o)
                                 0xd8 (size before relaxing)
 .ARM.exidx     0x0000c8ac       0x38 d:/programs/simplicitystudio/developer/toolchains/gnu_arm/4.8_2013q4/bin/../lib/gcc/arm-none-eabi/4.8.3/armv7-m\libgcc.a(pr-support.o)
                                 0x48 (size before relaxing)
                0x0000c8e4                __exidx_end = .
                0x0000c8e4                __etext = .

.rel.dyn        0x0000c8e4        0x0
 .rel.iplt      0x00000000        0x0 d:/programs/simplicitystudio/developer/toolchains/gnu_arm/4.8_2013q4/bin/../lib/gcc/arm-none-eabi/4.8.3/armv7-m/crtbegin.o

.data           0x20000000       0xb4 load address 0x0000c8e4
                0x20000000                __data_start__ = .
 *(vtable)
 *(.data*)
 .data.sentence
                0x20000000       0x10 ./src/interruptHandlers.o
                0x20000000                sentence
 .data.menu     0x20000010       0x10 ./src/interruptHandlers.o
                0x20000010                menu
 .data.buzz     0x20000020        0x1 ./src/interruptHandlers.o
                0x20000020                buzz
 .data.number_of_motor_phases
                0x20000021        0x1 ./src/stepmotor.o
                0x20000021                number_of_motor_phases
 *fill*         0x20000022        0x2 
 .data.motor_vectors
                0x20000024       0x10 ./src/stepmotor.o
                0x20000024                motor_vectors
 .data.SystemHFXOClock
                0x20000034        0x4 ./CMSIS/efm32gg/system_efm32gg.o
 .data.SystemLFXOClock
                0x20000038        0x4 ./CMSIS/efm32gg/system_efm32gg.o
 .data._ZN10__cxxabiv120__unexpected_handlerE
                0x2000003c        0x4 d:/programs/simplicitystudio/developer/toolchains/gnu_arm/4.8_2013q4/bin/../lib/gcc/arm-none-eabi/4.8.3/../../../../arm-none-eabi/lib/armv7-m\libstdc++_s.a(eh_unex_handler.o)
                0x2000003c                __cxxabiv1::__unexpected_handler
 .data._ZN10__cxxabiv119__terminate_handlerE
                0x20000040        0x4 d:/programs/simplicitystudio/developer/toolchains/gnu_arm/4.8_2013q4/bin/../lib/gcc/arm-none-eabi/4.8.3/../../../../arm-none-eabi/lib/armv7-m\libstdc++_s.a(eh_term_handler.o)
                0x20000040                __cxxabiv1::__terminate_handler
 .data.impure_data
                0x20000044       0x60 d:/programs/simplicitystudio/developer/toolchains/gnu_arm/4.8_2013q4/bin/../lib/gcc/arm-none-eabi/4.8.3/../../../../arm-none-eabi/lib/armv7-m\libc_s.a(lib_a-impure.o)
 .data._impure_ptr
                0x200000a4        0x4 d:/programs/simplicitystudio/developer/toolchains/gnu_arm/4.8_2013q4/bin/../lib/gcc/arm-none-eabi/4.8.3/../../../../arm-none-eabi/lib/armv7-m\libc_s.a(lib_a-impure.o)
                0x200000a4                _impure_ptr
                0x200000a8                . = ALIGN (0x4)
 *(.ram)
                0x200000a8                . = ALIGN (0x4)
                0x200000a8                PROVIDE (__preinit_array_start, .)
 *(.preinit_array)
                0x200000a8                PROVIDE (__preinit_array_end, .)
                0x200000a8                . = ALIGN (0x4)
                0x200000a8                PROVIDE (__init_array_start, .)
 *(SORT(.init_array.*))
 *(.init_array)
 .init_array    0x200000a8        0x4 d:/programs/simplicitystudio/developer/toolchains/gnu_arm/4.8_2013q4/bin/../lib/gcc/arm-none-eabi/4.8.3/armv7-m/crtbegin.o
                0x200000ac                PROVIDE (__init_array_end, .)
                0x200000ac                . = ALIGN (0x4)
                0x200000ac                PROVIDE (__fini_array_start, .)
 *(SORT(.fini_array.*))
 *(.fini_array)
 .fini_array    0x200000ac        0x4 d:/programs/simplicitystudio/developer/toolchains/gnu_arm/4.8_2013q4/bin/../lib/gcc/arm-none-eabi/4.8.3/armv7-m/crtbegin.o
                0x200000b0                PROVIDE (__fini_array_end, .)
 *(.jcr*)
 .jcr           0x200000b0        0x0 d:/programs/simplicitystudio/developer/toolchains/gnu_arm/4.8_2013q4/bin/../lib/gcc/arm-none-eabi/4.8.3/armv7-m/crtbegin.o
 .jcr           0x200000b0        0x4 d:/programs/simplicitystudio/developer/toolchains/gnu_arm/4.8_2013q4/bin/../lib/gcc/arm-none-eabi/4.8.3/armv7-m/crtend.o
                0x200000b4                . = ALIGN (0x4)
                0x200000b4                __data_end__ = .

.igot.plt       0x200000b4        0x0 load address 0x0000c998
 .igot.plt      0x00000000        0x0 d:/programs/simplicitystudio/developer/toolchains/gnu_arm/4.8_2013q4/bin/../lib/gcc/arm-none-eabi/4.8.3/armv7-m/crtbegin.o

.bss            0x200000b4       0x58 load address 0x0000c998
                0x200000b4                . = ALIGN (0x4)
                0x200000b4                __bss_start__ = .
 *(.bss*)
 .bss           0x200000b4       0x1c d:/programs/simplicitystudio/developer/toolchains/gnu_arm/4.8_2013q4/bin/../lib/gcc/arm-none-eabi/4.8.3/armv7-m/crtbegin.o
 .bss.wordPtr   0x200000d0        0x4 ./src/interruptHandlers.o
                0x200000d0                wordPtr
 .bss.stepsTaken
                0x200000d4        0x4 ./src/interruptHandlers.o
                0x200000d4                stepsTaken
 .bss.menuPtr   0x200000d8        0x4 ./src/interruptHandlers.o
                0x200000d8                menuPtr
 .bss.dispenserState
                0x200000dc        0x1 ./src/states.o
                0x200000dc                dispenserState
 .bss.A         0x200000dd        0x1 ./src/stepmotor.o
                0x200000dd                A
 .bss.B         0x200000de        0x1 ./src/stepmotor.o
                0x200000de                B
 .bss.C         0x200000df        0x1 ./src/stepmotor.o
                0x200000df                C
 .bss.D         0x200000e0        0x1 ./src/stepmotor.o
                0x200000e0                D
 .bss.motor_phase_counter
                0x200000e1        0x1 ./src/stepmotor.o
                0x200000e1                motor_phase_counter
 *fill*         0x200000e2        0x2 
 .bss.cmuStatus
                0x200000e4        0x4 ./emlib/em_emu.o
 .bss._ZL10eh_globals
                0x200000e8        0xc d:/programs/simplicitystudio/developer/toolchains/gnu_arm/4.8_2013q4/bin/../lib/gcc/arm-none-eabi/4.8.3/../../../../arm-none-eabi/lib/armv7-m\libstdc++_s.a(eh_globals.o)
 .bss._ZZN9__gnu_cxx27__verbose_terminate_handlerEvE11terminating
                0x200000f4        0x1 d:/programs/simplicitystudio/developer/toolchains/gnu_arm/4.8_2013q4/bin/../lib/gcc/arm-none-eabi/4.8.3/../../../../arm-none-eabi/lib/armv7-m\libstdc++_s.a(vterminate.o)
 *fill*         0x200000f5        0x3 
 .bss.__malloc_sbrk_start
                0x200000f8        0x4 d:/programs/simplicitystudio/developer/toolchains/gnu_arm/4.8_2013q4/bin/../lib/gcc/arm-none-eabi/4.8.3/../../../../arm-none-eabi/lib/armv7-m\libc_s.a(lib_a-nano-mallocr.o)
                0x200000f8                __malloc_sbrk_start
 .bss.__malloc_free_list
                0x200000fc        0x4 d:/programs/simplicitystudio/developer/toolchains/gnu_arm/4.8_2013q4/bin/../lib/gcc/arm-none-eabi/4.8.3/../../../../arm-none-eabi/lib/armv7-m\libc_s.a(lib_a-nano-mallocr.o)
                0x200000fc                __malloc_free_list
 .bss.heap_end.4237
                0x20000100        0x4 d:/programs/simplicitystudio/developer/toolchains/gnu_arm/4.8_2013q4/bin/../lib/gcc/arm-none-eabi/4.8.3/../../../../arm-none-eabi/lib/armv7-m\libnosys.a(sbrk.o)
 *(COMMON)
 COMMON         0x20000104        0x4 ./CMSIS/efm32gg/system_efm32gg.o
                0x20000104                SystemCoreClock
 COMMON         0x20000108        0x4 d:/programs/simplicitystudio/developer/toolchains/gnu_arm/4.8_2013q4/bin/../lib/gcc/arm-none-eabi/4.8.3/../../../../arm-none-eabi/lib/armv7-m\libc_s.a(lib_a-reent.o)
                0x20000108                errno
                0x2000010c                . = ALIGN (0x4)
                0x2000010c                __bss_end__ = .

.heap           0x20000110      0xc00
                0x20000110                __HeapBase = .
                0x20000110                __end__ = .
                0x20000110                end = __end__
                0x20000110                _end = __end__
 *(.heap*)
 .heap          0x20000110      0xc00 ./CMSIS/efm32gg/startup_efm32gg.o
                0x20000d10                __HeapLimit = .

.stack_dummy    0x20000110      0x400
 *(.stack*)
 .stack         0x20000110      0x400 ./CMSIS/efm32gg/startup_efm32gg.o
                0x20020000                __StackTop = (ORIGIN (RAM) + 0x20000)
                0x2001fc00                __StackLimit = (__StackTop - SIZEOF (.stack_dummy))
                0x20020000                PROVIDE (__stack, __StackTop)
                0x00000001                ASSERT ((__StackLimit >= __HeapLimit), region RAM overflowed with stack)
                0x00000001                ASSERT ((0x100000 >= (__etext + SIZEOF (.data))), FLASH memory overflowed !)
OUTPUT(PillDispenser.axf elf32-littlearm)

.ARM.attributes
                0x00000000       0x29
 .ARM.attributes
                0x00000000       0x1d d:/programs/simplicitystudio/developer/toolchains/gnu_arm/4.8_2013q4/bin/../lib/gcc/arm-none-eabi/4.8.3/armv7-m/crti.o
 .ARM.attributes
                0x0000001d       0x2d d:/programs/simplicitystudio/developer/toolchains/gnu_arm/4.8_2013q4/bin/../lib/gcc/arm-none-eabi/4.8.3/armv7-m/crtbegin.o
 .ARM.attributes
                0x0000004a       0x1b d:/programs/simplicitystudio/developer/toolchains/gnu_arm/4.8_2013q4/bin/../lib/gcc/arm-none-eabi/4.8.3/../../../../arm-none-eabi/lib/armv7-m/crt0.o
 .ARM.attributes
                0x00000065       0x33 ./src/gpio.o
 .ARM.attributes
                0x00000098       0x33 ./src/interruptHandlers.o
 .ARM.attributes
                0x000000cb       0x33 ./src/leTimer.o
 .ARM.attributes
                0x000000fe       0x33 ./src/main.o
 .ARM.attributes
                0x00000131       0x33 ./src/rtc.o
 .ARM.attributes
                0x00000164       0x33 ./src/states.o
 .ARM.attributes
                0x00000197       0x33 ./src/stepmotor.o
 .ARM.attributes
                0x000001ca       0x33 ./src/timer.o
 .ARM.attributes
                0x000001fd       0x33 ./emlib/em_cmu.o
 .ARM.attributes
                0x00000230       0x33 ./emlib/em_emu.o
 .ARM.attributes
                0x00000263       0x33 ./emlib/em_gpio.o
 .ARM.attributes
                0x00000296       0x33 ./emlib/em_lcd.o
 .ARM.attributes
                0x000002c9       0x33 ./emlib/em_letimer.o
 .ARM.attributes
                0x000002fc       0x33 ./emlib/em_rtc.o
 .ARM.attributes
                0x0000032f       0x33 ./emlib/em_system.o
 .ARM.attributes
                0x00000362       0x33 ./emlib/em_timer.o
 .ARM.attributes
                0x00000395       0x33 ./Drivers/segmentlcd.o
 .ARM.attributes
                0x000003c8       0x1b ./CMSIS/efm32gg/startup_efm32gg.o
 .ARM.attributes
                0x000003e3       0x33 ./CMSIS/efm32gg/system_efm32gg.o
 .ARM.attributes
                0x00000416       0x2d d:/programs/simplicitystudio/developer/toolchains/gnu_arm/4.8_2013q4/bin/../lib/gcc/arm-none-eabi/4.8.3/armv7-m\libgcc.a(unwind-arm.o)
 .ARM.attributes
                0x00000443       0x1d d:/programs/simplicitystudio/developer/toolchains/gnu_arm/4.8_2013q4/bin/../lib/gcc/arm-none-eabi/4.8.3/armv7-m\libgcc.a(libunwind.o)
 .ARM.attributes
                0x00000460       0x2d d:/programs/simplicitystudio/developer/toolchains/gnu_arm/4.8_2013q4/bin/../lib/gcc/arm-none-eabi/4.8.3/armv7-m\libgcc.a(pr-support.o)
 .ARM.attributes
                0x0000048d       0x2d d:/programs/simplicitystudio/developer/toolchains/gnu_arm/4.8_2013q4/bin/../lib/gcc/arm-none-eabi/4.8.3/../../../../arm-none-eabi/lib/armv7-m\libstdc++_s.a(eh_arm.o)
 .ARM.attributes
                0x000004ba       0x2d d:/programs/simplicitystudio/developer/toolchains/gnu_arm/4.8_2013q4/bin/../lib/gcc/arm-none-eabi/4.8.3/../../../../arm-none-eabi/lib/armv7-m\libstdc++_s.a(eh_globals.o)
 .ARM.attributes
                0x000004e7       0x2d d:/programs/simplicitystudio/developer/toolchains/gnu_arm/4.8_2013q4/bin/../lib/gcc/arm-none-eabi/4.8.3/../../../../arm-none-eabi/lib/armv7-m\libstdc++_s.a(eh_exception.o)
 .ARM.attributes
                0x00000514       0x2d d:/programs/simplicitystudio/developer/toolchains/gnu_arm/4.8_2013q4/bin/../lib/gcc/arm-none-eabi/4.8.3/../../../../arm-none-eabi/lib/armv7-m\libstdc++_s.a(del_op.o)
 .ARM.attributes
                0x00000541       0x2d d:/programs/simplicitystudio/developer/toolchains/gnu_arm/4.8_2013q4/bin/../lib/gcc/arm-none-eabi/4.8.3/../../../../arm-none-eabi/lib/armv7-m\libstdc++_s.a(class_type_info.o)
 .ARM.attributes
                0x0000056e       0x2d d:/programs/simplicitystudio/developer/toolchains/gnu_arm/4.8_2013q4/bin/../lib/gcc/arm-none-eabi/4.8.3/../../../../arm-none-eabi/lib/armv7-m\libstdc++_s.a(eh_terminate.o)
 .ARM.attributes
                0x0000059b       0x2d d:/programs/simplicitystudio/developer/toolchains/gnu_arm/4.8_2013q4/bin/../lib/gcc/arm-none-eabi/4.8.3/../../../../arm-none-eabi/lib/armv7-m\libstdc++_s.a(tinfo.o)
 .ARM.attributes
                0x000005c8       0x2d d:/programs/simplicitystudio/developer/toolchains/gnu_arm/4.8_2013q4/bin/../lib/gcc/arm-none-eabi/4.8.3/../../../../arm-none-eabi/lib/armv7-m\libstdc++_s.a(eh_unex_handler.o)
 .ARM.attributes
                0x000005f5       0x2d d:/programs/simplicitystudio/developer/toolchains/gnu_arm/4.8_2013q4/bin/../lib/gcc/arm-none-eabi/4.8.3/../../../../arm-none-eabi/lib/armv7-m\libstdc++_s.a(si_class_type_info.o)
 .ARM.attributes
                0x00000622       0x2d d:/programs/simplicitystudio/developer/toolchains/gnu_arm/4.8_2013q4/bin/../lib/gcc/arm-none-eabi/4.8.3/../../../../arm-none-eabi/lib/armv7-m\libstdc++_s.a(eh_call.o)
 .ARM.attributes
                0x0000064f       0x2d d:/programs/simplicitystudio/developer/toolchains/gnu_arm/4.8_2013q4/bin/../lib/gcc/arm-none-eabi/4.8.3/../../../../arm-none-eabi/lib/armv7-m\libstdc++_s.a(eh_catch.o)
 .ARM.attributes
                0x0000067c       0x2d d:/programs/simplicitystudio/developer/toolchains/gnu_arm/4.8_2013q4/bin/../lib/gcc/arm-none-eabi/4.8.3/../../../../arm-none-eabi/lib/armv7-m\libstdc++_s.a(eh_term_handler.o)
 .ARM.attributes
                0x000006a9       0x2d d:/programs/simplicitystudio/developer/toolchains/gnu_arm/4.8_2013q4/bin/../lib/gcc/arm-none-eabi/4.8.3/../../../../arm-none-eabi/lib/armv7-m\libstdc++_s.a(vterminate.o)
 .ARM.attributes
                0x000006d6       0x2d d:/programs/simplicitystudio/developer/toolchains/gnu_arm/4.8_2013q4/bin/../lib/gcc/arm-none-eabi/4.8.3/../../../../arm-none-eabi/lib/armv7-m\libstdc++_s.a(eh_type.o)
 .ARM.attributes
                0x00000703       0x2d d:/programs/simplicitystudio/developer/toolchains/gnu_arm/4.8_2013q4/bin/../lib/gcc/arm-none-eabi/4.8.3/../../../../arm-none-eabi/lib/armv7-m\libstdc++_s.a(cp-demangle.o)
 .ARM.attributes
                0x00000730       0x2d d:/programs/simplicitystudio/developer/toolchains/gnu_arm/4.8_2013q4/bin/../lib/gcc/arm-none-eabi/4.8.3/../../../../arm-none-eabi/lib/armv7-m\libc_s.a(lib_a-abort.o)
 .ARM.attributes
                0x0000075d       0x2d d:/programs/simplicitystudio/developer/toolchains/gnu_arm/4.8_2013q4/bin/../lib/gcc/arm-none-eabi/4.8.3/../../../../arm-none-eabi/lib/armv7-m\libc_s.a(lib_a-exit.o)
 .ARM.attributes
                0x0000078a       0x2d d:/programs/simplicitystudio/developer/toolchains/gnu_arm/4.8_2013q4/bin/../lib/gcc/arm-none-eabi/4.8.3/../../../../arm-none-eabi/lib/armv7-m\libc_s.a(lib_a-fputs.o)
 .ARM.attributes
                0x000007b7       0x2d d:/programs/simplicitystudio/developer/toolchains/gnu_arm/4.8_2013q4/bin/../lib/gcc/arm-none-eabi/4.8.3/../../../../arm-none-eabi/lib/armv7-m\libc_s.a(lib_a-impure.o)
 .ARM.attributes
                0x000007e4       0x2d d:/programs/simplicitystudio/developer/toolchains/gnu_arm/4.8_2013q4/bin/../lib/gcc/arm-none-eabi/4.8.3/../../../../arm-none-eabi/lib/armv7-m\libc_s.a(lib_a-init.o)
 .ARM.attributes
                0x00000811       0x2d d:/programs/simplicitystudio/developer/toolchains/gnu_arm/4.8_2013q4/bin/../lib/gcc/arm-none-eabi/4.8.3/../../../../arm-none-eabi/lib/armv7-m\libc_s.a(lib_a-malloc.o)
 .ARM.attributes
                0x0000083e       0x2d d:/programs/simplicitystudio/developer/toolchains/gnu_arm/4.8_2013q4/bin/../lib/gcc/arm-none-eabi/4.8.3/../../../../arm-none-eabi/lib/armv7-m\libc_s.a(lib_a-memcmp.o)
 .ARM.attributes
                0x0000086b       0x2d d:/programs/simplicitystudio/developer/toolchains/gnu_arm/4.8_2013q4/bin/../lib/gcc/arm-none-eabi/4.8.3/../../../../arm-none-eabi/lib/armv7-m\libc_s.a(lib_a-memcpy-stub.o)
 .ARM.attributes
                0x00000898       0x2d d:/programs/simplicitystudio/developer/toolchains/gnu_arm/4.8_2013q4/bin/../lib/gcc/arm-none-eabi/4.8.3/../../../../arm-none-eabi/lib/armv7-m\libc_s.a(lib_a-memset.o)
 .ARM.attributes
                0x000008c5       0x2d d:/programs/simplicitystudio/developer/toolchains/gnu_arm/4.8_2013q4/bin/../lib/gcc/arm-none-eabi/4.8.3/../../../../arm-none-eabi/lib/armv7-m\libc_s.a(lib_a-nano-freer.o)
 .ARM.attributes
                0x000008f2       0x2d d:/programs/simplicitystudio/developer/toolchains/gnu_arm/4.8_2013q4/bin/../lib/gcc/arm-none-eabi/4.8.3/../../../../arm-none-eabi/lib/armv7-m\libc_s.a(lib_a-nano-mallocr.o)
 .ARM.attributes
                0x0000091f       0x2d d:/programs/simplicitystudio/developer/toolchains/gnu_arm/4.8_2013q4/bin/../lib/gcc/arm-none-eabi/4.8.3/../../../../arm-none-eabi/lib/armv7-m\libc_s.a(lib_a-realloc.o)
 .ARM.attributes
                0x0000094c       0x2d d:/programs/simplicitystudio/developer/toolchains/gnu_arm/4.8_2013q4/bin/../lib/gcc/arm-none-eabi/4.8.3/../../../../arm-none-eabi/lib/armv7-m\libc_s.a(lib_a-sbrkr.o)
 .ARM.attributes
                0x00000979       0x2d d:/programs/simplicitystudio/developer/toolchains/gnu_arm/4.8_2013q4/bin/../lib/gcc/arm-none-eabi/4.8.3/../../../../arm-none-eabi/lib/armv7-m\libc_s.a(lib_a-signal.o)
 .ARM.attributes
                0x000009a6       0x2d d:/programs/simplicitystudio/developer/toolchains/gnu_arm/4.8_2013q4/bin/../lib/gcc/arm-none-eabi/4.8.3/../../../../arm-none-eabi/lib/armv7-m\libc_s.a(lib_a-signalr.o)
 .ARM.attributes
                0x000009d3       0x2d d:/programs/simplicitystudio/developer/toolchains/gnu_arm/4.8_2013q4/bin/../lib/gcc/arm-none-eabi/4.8.3/../../../../arm-none-eabi/lib/armv7-m\libc_s.a(lib_a-sprintf.o)
 .ARM.attributes
                0x00000a00       0x1b d:/programs/simplicitystudio/developer/toolchains/gnu_arm/4.8_2013q4/bin/../lib/gcc/arm-none-eabi/4.8.3/../../../../arm-none-eabi/lib/armv7-m\libc_s.a(lib_a-strcmp.o)
 .ARM.attributes
                0x00000a1b       0x2d d:/programs/simplicitystudio/developer/toolchains/gnu_arm/4.8_2013q4/bin/../lib/gcc/arm-none-eabi/4.8.3/../../../../arm-none-eabi/lib/armv7-m\libc_s.a(lib_a-strlen.o)
 .ARM.attributes
                0x00000a48       0x2d d:/programs/simplicitystudio/developer/toolchains/gnu_arm/4.8_2013q4/bin/../lib/gcc/arm-none-eabi/4.8.3/../../../../arm-none-eabi/lib/armv7-m\libc_s.a(lib_a-strncmp.o)
 .ARM.attributes
                0x00000a75       0x2d d:/programs/simplicitystudio/developer/toolchains/gnu_arm/4.8_2013q4/bin/../lib/gcc/arm-none-eabi/4.8.3/../../../../arm-none-eabi/lib/armv7-m\libc_s.a(lib_a-svfprintf.o)
 .ARM.attributes
                0x00000aa2       0x2d d:/programs/simplicitystudio/developer/toolchains/gnu_arm/4.8_2013q4/bin/../lib/gcc/arm-none-eabi/4.8.3/../../../../arm-none-eabi/lib/armv7-m\libc_s.a(lib_a-vfprintf_i.o)
 .ARM.attributes
                0x00000acf       0x2d d:/programs/simplicitystudio/developer/toolchains/gnu_arm/4.8_2013q4/bin/../lib/gcc/arm-none-eabi/4.8.3/../../../../arm-none-eabi/lib/armv7-m\libc_s.a(lib_a-wbuf.o)
 .ARM.attributes
                0x00000afc       0x2d d:/programs/simplicitystudio/developer/toolchains/gnu_arm/4.8_2013q4/bin/../lib/gcc/arm-none-eabi/4.8.3/../../../../arm-none-eabi/lib/armv7-m\libc_s.a(lib_a-writer.o)
 .ARM.attributes
                0x00000b29       0x2d d:/programs/simplicitystudio/developer/toolchains/gnu_arm/4.8_2013q4/bin/../lib/gcc/arm-none-eabi/4.8.3/../../../../arm-none-eabi/lib/armv7-m\libc_s.a(lib_a-wsetup.o)
 .ARM.attributes
                0x00000b56       0x2d d:/programs/simplicitystudio/developer/toolchains/gnu_arm/4.8_2013q4/bin/../lib/gcc/arm-none-eabi/4.8.3/../../../../arm-none-eabi/lib/armv7-m\libc_s.a(lib_a-fflush.o)
 .ARM.attributes
                0x00000b83       0x2d d:/programs/simplicitystudio/developer/toolchains/gnu_arm/4.8_2013q4/bin/../lib/gcc/arm-none-eabi/4.8.3/../../../../arm-none-eabi/lib/armv7-m\libc_s.a(lib_a-findfp.o)
 .ARM.attributes
                0x00000bb0       0x2d d:/programs/simplicitystudio/developer/toolchains/gnu_arm/4.8_2013q4/bin/../lib/gcc/arm-none-eabi/4.8.3/../../../../arm-none-eabi/lib/armv7-m\libc_s.a(lib_a-makebuf.o)
 .ARM.attributes
                0x00000bdd       0x2d d:/programs/simplicitystudio/developer/toolchains/gnu_arm/4.8_2013q4/bin/../lib/gcc/arm-none-eabi/4.8.3/../../../../arm-none-eabi/lib/armv7-m\libc_s.a(lib_a-memchr-stub.o)
 .ARM.attributes
                0x00000c0a       0x2d d:/programs/simplicitystudio/developer/toolchains/gnu_arm/4.8_2013q4/bin/../lib/gcc/arm-none-eabi/4.8.3/../../../../arm-none-eabi/lib/armv7-m\libc_s.a(lib_a-memmove.o)
 .ARM.attributes
                0x00000c37       0x2d d:/programs/simplicitystudio/developer/toolchains/gnu_arm/4.8_2013q4/bin/../lib/gcc/arm-none-eabi/4.8.3/../../../../arm-none-eabi/lib/armv7-m\libc_s.a(lib_a-nano-reallocr.o)
 .ARM.attributes
                0x00000c64       0x2d d:/programs/simplicitystudio/developer/toolchains/gnu_arm/4.8_2013q4/bin/../lib/gcc/arm-none-eabi/4.8.3/../../../../arm-none-eabi/lib/armv7-m\libc_s.a(lib_a-reent.o)
 .ARM.attributes
                0x00000c91       0x2d d:/programs/simplicitystudio/developer/toolchains/gnu_arm/4.8_2013q4/bin/../lib/gcc/arm-none-eabi/4.8.3/../../../../arm-none-eabi/lib/armv7-m\libc_s.a(lib_a-stdio.o)
 .ARM.attributes
                0x00000cbe       0x2d d:/programs/simplicitystudio/developer/toolchains/gnu_arm/4.8_2013q4/bin/../lib/gcc/arm-none-eabi/4.8.3/../../../../arm-none-eabi/lib/armv7-m\libc_s.a(lib_a-closer.o)
 .ARM.attributes
                0x00000ceb       0x2d d:/programs/simplicitystudio/developer/toolchains/gnu_arm/4.8_2013q4/bin/../lib/gcc/arm-none-eabi/4.8.3/../../../../arm-none-eabi/lib/armv7-m\libc_s.a(lib_a-fstatr.o)
 .ARM.attributes